20:02:55 **** Build of project hack_bsp ****
make -k all 
"Running Make include in microblaze_0/libsrc/bram_v4_1/src"
make -C microblaze_0/libsrc/bram_v4_1/src -s include  "SHELL=CMD" "COMPILER=mb-gcc" "ARCHIVER=mb-ar" "COMPILER_FLAGS= -O2 -c -mcpu=v9.6 -mlittle-endian -mxl-soft-mul" "EXTRA_COMPILER_FLAGS=-g"
"Running Make include in microblaze_0/libsrc/cpu_v2_5/src"
make -C microblaze_0/libsrc/cpu_v2_5/src -s include  "SHELL=CMD" "COMPILER=mb-gcc" "ARCHIVER=mb-ar" "COMPILER_FLAGS= -O2 -c -mcpu=v9.6 -mlittle-endian -mxl-soft-mul" "EXTRA_COMPILER_FLAGS=-g"
"Running Make include in microblaze_0/libsrc/imgarray_axi_v1_0/src"
make -C microblaze_0/libsrc/imgarray_axi_v1_0/src -s include  "SHELL=CMD" "COMPILER=mb-gcc" "ARCHIVER=mb-ar" "COMPILER_FLAGS= -O2 -c -mcpu=v9.6 -mlittle-endian -mxl-soft-mul" "EXTRA_COMPILER_FLAGS=-g"
"Running Make include in microblaze_0/libsrc/intc_v3_5/src"
make -C microblaze_0/libsrc/intc_v3_5/src -s include  "SHELL=CMD" "COMPILER=mb-gcc" "ARCHIVER=mb-ar" "COMPILER_FLAGS= -O2 -c -mcpu=v9.6 -mlittle-endian -mxl-soft-mul" "EXTRA_COMPILER_FLAGS=-g"
"Running Make include in microblaze_0/libsrc/standalone_v5_5/src"
make -C microblaze_0/libsrc/standalone_v5_5/src -s include  "SHELL=CMD" "COMPILER=mb-gcc" "ARCHIVER=mb-ar" "COMPILER_FLAGS= -O2 -c -mcpu=v9.6 -mlittle-endian -mxl-soft-mul" "EXTRA_COMPILER_FLAGS=-g"
"Running Make include in microblaze_0/libsrc/tmrctr_v4_1/src"
make -C microblaze_0/libsrc/tmrctr_v4_1/src -s include  "SHELL=CMD" "COMPILER=mb-gcc" "ARCHIVER=mb-ar" "COMPILER_FLAGS= -O2 -c -mcpu=v9.6 -mlittle-endian -mxl-soft-mul" "EXTRA_COMPILER_FLAGS=-g"
"Running Make libs in microblaze_0/libsrc/bram_v4_1/src"
make -C microblaze_0/libsrc/bram_v4_1/src -s libs  "SHELL=CMD" "COMPILER=mb-gcc" "ARCHIVER=mb-ar" "COMPILER_FLAGS= -O2 -c -mcpu=v9.6 -mlittle-endian -mxl-soft-mul" "EXTRA_COMPILER_FLAGS=-g"
"Compiling bram"
mb-ar: creating ../../../lib/libxil.a
"Running Make libs in microblaze_0/libsrc/cpu_v2_5/src"
make -C microblaze_0/libsrc/cpu_v2_5/src -s libs  "SHELL=CMD" "COMPILER=mb-gcc" "ARCHIVER=mb-ar" "COMPILER_FLAGS= -O2 -c -mcpu=v9.6 -mlittle-endian -mxl-soft-mul" "EXTRA_COMPILER_FLAGS=-g"
"Compiling cpu"
"Running Make libs in microblaze_0/libsrc/imgarray_axi_v1_0/src"
make -C microblaze_0/libsrc/imgarray_axi_v1_0/src -s libs  "SHELL=CMD" "COMPILER=mb-gcc" "ARCHIVER=mb-ar" "COMPILER_FLAGS= -O2 -c -mcpu=v9.6 -mlittle-endian -mxl-soft-mul" "EXTRA_COMPILER_FLAGS=-g"
"Compiling imgarray_axi..."
"Running Make libs in microblaze_0/libsrc/intc_v3_5/src"
make -C microblaze_0/libsrc/intc_v3_5/src -s libs  "SHELL=CMD" "COMPILER=mb-gcc" "ARCHIVER=mb-ar" "COMPILER_FLAGS= -O2 -c -mcpu=v9.6 -mlittle-endian -mxl-soft-mul" "EXTRA_COMPILER_FLAGS=-g"
"Compiling intc"
"Running Make libs in microblaze_0/libsrc/standalone_v5_5/src"
make -C microblaze_0/libsrc/standalone_v5_5/src -s libs  "SHELL=CMD" "COMPILER=mb-gcc" "ARCHIVER=mb-ar" "COMPILER_FLAGS= -O2 -c -mcpu=v9.6 -mlittle-endian -mxl-soft-mul" "EXTRA_COMPILER_FLAGS=-g"
"Compiling standalone";
"Running Make libs in microblaze_0/libsrc/tmrctr_v4_1/src"
make -C microblaze_0/libsrc/tmrctr_v4_1/src -s libs  "SHELL=CMD" "COMPILER=mb-gcc" "ARCHIVER=mb-ar" "COMPILER_FLAGS= -O2 -c -mcpu=v9.6 -mlittle-endian -mxl-soft-mul" "EXTRA_COMPILER_FLAGS=-g"
"Compiling tmrctr"
'Finished building libraries'

**** Build of configuration Debug for project hack ****

Nothing to build for project hack

****  of configuration Debug for project hack ****

Nothing to build for project hack
20:07:30 **** Auto Build of configuration Debug for project hack ****
make all 
'Building file: ../src/main2.c'
'Invoking: MicroBlaze gcc compiler'
mb-gcc -Wall -O0 -g3 -c -fmessage-length=0 -MT"src/main2.o" -I../../hack_bsp/microblaze_0/include -mlittle-endian -mcpu=v9.6 -mxl-soft-mul -Wl,--no-relax -MMD -MP -MF"src/main2.d" -MT"src/main2.o" -o "src/main2.o" "../src/main2.c"
'Finished building: ../src/main2.c'
' '
'Building target: hack.elf'
'Invoking: MicroBlaze gcc linker'
mb-gcc -Wl,-T -Wl,../src/lscript.ld -L../../hack_bsp/microblaze_0/lib -mlittle-endian -mcpu=v9.6 -mxl-soft-mul -Wl,--no-relax -o "hack.elf"  ./src/main2.o   -Wl,--start-group,-lxil,-lgcc,-lc,--end-group
d:/xilinx/sdk/2016.2/gnu/microblaze/nt/bin/../lib/gcc/microblaze-xilinx-elf/5.2.0/../../../../microblaze-xilinx-elf/lib/le/crtinit.o: In function `_crtinit':
(.text+0x78): undefined reference to `main'
collect2.exe: error: ld returned 1 exit status
make: *** [hack.elf] Error 1
20:07:42 **** Auto Build of configuration Debug for project hack ****
make all 
'Building file: ../src/main2.c'
'Invoking: MicroBlaze gcc compiler'
mb-gcc -Wall -O0 -g3 -c -fmessage-length=0 -MT"src/main2.o" -I../../hack_bsp/microblaze_0/include -mlittle-endian -mcpu=v9.6 -mxl-soft-mul -Wl,--no-relax -MMD -MP -MF"src/main2.d" -MT"src/main2.o" -o "src/main2.o" "../src/main2.c"
'Finished building: ../src/main2.c'
' '
'Building target: hack.elf'
'Invoking: MicroBlaze gcc linker'
mb-gcc -Wl,-T -Wl,../src/lscript.ld -L../../hack_bsp/microblaze_0/lib -mlittle-endian -mcpu=v9.6 -mxl-soft-mul -Wl,--no-relax -o "hack.elf"  ./src/main2.o   -Wl,--start-group,-lxil,-lgcc,-lc,--end-group
'Finished building target: hack.elf'
' '
'Invoking: MicroBlaze Print Size'
mb-size hack.elf  |tee "hack.elf.size"
   text	   data	    bss	    dec	    hex	filename
  11116	    412	   3256	  14784	   39c0	hack.elf
'Finished building: hack.elf.size'
' '
20:07:49 **** Incremental Build of configuration Debug for project hack ****
make all 
make: Nothing to be done for `all'.
20:07:49 **** Auto Build of configuration Debug for project hack ****
make all 
make: Nothing to be done for `all'.
20:08:20 **** Auto Build of configuration Debug for project hack ****
make all 
'Building file: ../src/main2.c'
'Invoking: MicroBlaze gcc compiler'
mb-gcc -Wall -O0 -g3 -c -fmessage-length=0 -MT"src/main2.o" -I../../hack_bsp/microblaze_0/include -mlittle-endian -mcpu=v9.6 -mxl-soft-mul -Wl,--no-relax -MMD -MP -MF"src/main2.d" -MT"src/main2.o" -o "src/main2.o" "../src/main2.c"
'Finished building: ../src/main2.c'
' '
'Building target: hack.elf'
'Invoking: MicroBlaze gcc linker'
mb-gcc -Wl,-T -Wl,../src/lscript.ld -L../../hack_bsp/microblaze_0/lib -mlittle-endian -mcpu=v9.6 -mxl-soft-mul -Wl,--no-relax -o "hack.elf"  ./src/main2.o   -Wl,--start-group,-lxil,-lgcc,-lc,--end-group
'Finished building target: hack.elf'
' '
'Invoking: MicroBlaze Print Size'
mb-size hack.elf  |tee "hack.elf.size"
   text	   data	    bss	    dec	    hex	filename
  11116	    412	   3256	  14784	   39c0	hack.elf
'Finished building: hack.elf.size'
' '
20:08:22 **** Incremental Build of configuration Debug for project hack ****
make all 
make: Nothing to be done for `all'.
20:08:55 **** Auto Build of configuration Debug for project hack ****
make all 
'Building file: ../src/main2.c'
'Invoking: MicroBlaze gcc compiler'
mb-gcc -Wall -O0 -g3 -c -fmessage-length=0 -MT"src/main2.o" -I../../hack_bsp/microblaze_0/include -mlittle-endian -mcpu=v9.6 -mxl-soft-mul -Wl,--no-relax -MMD -MP -MF"src/main2.d" -MT"src/main2.o" -o "src/main2.o" "../src/main2.c"
'Finished building: ../src/main2.c'
' '
'Building target: hack.elf'
'Invoking: MicroBlaze gcc linker'
mb-gcc -Wl,-T -Wl,../src/lscript.ld -L../../hack_bsp/microblaze_0/lib -mlittle-endian -mcpu=v9.6 -mxl-soft-mul -Wl,--no-relax -o "hack.elf"  ./src/main2.o   -Wl,--start-group,-lxil,-lgcc,-lc,--end-group
'Finished building target: hack.elf'
' '
'Invoking: MicroBlaze Print Size'
mb-size hack.elf  |tee "hack.elf.size"
   text	   data	    bss	    dec	    hex	filename
  11116	    412	   3256	  14784	   39c0	hack.elf
'Finished building: hack.elf.size'
' '
20:08:56 **** Incremental Build of configuration Debug for project hack ****
make all 
make: Nothing to be done for `all'.
20:09:32 **** Incremental Build of configuration Debug for project hack ****
make all 
make: Nothing to be done for `all'.
20:09:42 **** Auto Build of configuration Debug for project hack ****
make all 
'Building file: ../src/main2.c'
'Invoking: MicroBlaze gcc compiler'
mb-gcc -Wall -O0 -g3 -c -fmessage-length=0 -MT"src/main2.o" -I../../hack_bsp/microblaze_0/include -mlittle-endian -mcpu=v9.6 -mxl-soft-mul -Wl,--no-relax -MMD -MP -MF"src/main2.d" -MT"src/main2.o" -o "src/main2.o" "../src/main2.c"
'Finished building: ../src/main2.c'
' '
'Building target: hack.elf'
'Invoking: MicroBlaze gcc linker'
mb-gcc -Wl,-T -Wl,../src/lscript.ld -L../../hack_bsp/microblaze_0/lib -mlittle-endian -mcpu=v9.6 -mxl-soft-mul -Wl,--no-relax -o "hack.elf"  ./src/main2.o   -Wl,--start-group,-lxil,-lgcc,-lc,--end-group
'Finished building target: hack.elf'
' '
'Invoking: MicroBlaze Print Size'
mb-size hack.elf  |tee "hack.elf.size"
   text	   data	    bss	    dec	    hex	filename
  11116	    412	   3256	  14784	   39c0	hack.elf
'Finished building: hack.elf.size'
' '
20:09:43 **** Incremental Build of configuration Debug for project hack ****
make all 
make: Nothing to be done for `all'.
20:10:02 **** Auto Build of configuration Debug for project hack ****
make all 
'Building file: ../src/main2.c'
'Invoking: MicroBlaze gcc compiler'
mb-gcc -Wall -O0 -g3 -c -fmessage-length=0 -MT"src/main2.o" -I../../hack_bsp/microblaze_0/include -mlittle-endian -mcpu=v9.6 -mxl-soft-mul -Wl,--no-relax -MMD -MP -MF"src/main2.d" -MT"src/main2.o" -o "src/main2.o" "../src/main2.c"
'Finished building: ../src/main2.c'
' '
'Building target: hack.elf'
'Invoking: MicroBlaze gcc linker'
mb-gcc -Wl,-T -Wl,../src/lscript.ld -L../../hack_bsp/microblaze_0/lib -mlittle-endian -mcpu=v9.6 -mxl-soft-mul -Wl,--no-relax -o "hack.elf"  ./src/main2.o   -Wl,--start-group,-lxil,-lgcc,-lc,--end-group
'Finished building target: hack.elf'
' '
'Invoking: MicroBlaze Print Size'
mb-size hack.elf  |tee "hack.elf.size"
   text	   data	    bss	    dec	    hex	filename
  11116	    412	   3256	  14784	   39c0	hack.elf
'Finished building: hack.elf.size'
' '
20:10:04 **** Incremental Build of configuration Debug for project hack ****
make all 
make: Nothing to be done for `all'.
20:10:15 **** Auto Build of configuration Debug for project hack ****
make all 
'Building file: ../src/main2.c'
'Invoking: MicroBlaze gcc compiler'
mb-gcc -Wall -O0 -g3 -c -fmessage-length=0 -MT"src/main2.o" -I../../hack_bsp/microblaze_0/include -mlittle-endian -mcpu=v9.6 -mxl-soft-mul -Wl,--no-relax -MMD -MP -MF"src/main2.d" -MT"src/main2.o" -o "src/main2.o" "../src/main2.c"
'Finished building: ../src/main2.c'
' '
'Building target: hack.elf'
'Invoking: MicroBlaze gcc linker'
mb-gcc -Wl,-T -Wl,../src/lscript.ld -L../../hack_bsp/microblaze_0/lib -mlittle-endian -mcpu=v9.6 -mxl-soft-mul -Wl,--no-relax -o "hack.elf"  ./src/main2.o   -Wl,--start-group,-lxil,-lgcc,-lc,--end-group
'Finished building target: hack.elf'
' '
'Invoking: MicroBlaze Print Size'
mb-size hack.elf  |tee "hack.elf.size"
   text	   data	    bss	    dec	    hex	filename
  11116	    412	   3256	  14784	   39c0	hack.elf
'Finished building: hack.elf.size'
' '
20:10:16 **** Incremental Build of configuration Debug for project hack ****
make all 
make: Nothing to be done for `all'.
20:10:26 **** Auto Build of configuration Debug for project hack ****
make all 
'Building file: ../src/main2.c'
'Invoking: MicroBlaze gcc compiler'
mb-gcc -Wall -O0 -g3 -c -fmessage-length=0 -MT"src/main2.o" -I../../hack_bsp/microblaze_0/include -mlittle-endian -mcpu=v9.6 -mxl-soft-mul -Wl,--no-relax -MMD -MP -MF"src/main2.d" -MT"src/main2.o" -o "src/main2.o" "../src/main2.c"
'Finished building: ../src/main2.c'
' '
'Building target: hack.elf'
'Invoking: MicroBlaze gcc linker'
mb-gcc -Wl,-T -Wl,../src/lscript.ld -L../../hack_bsp/microblaze_0/lib -mlittle-endian -mcpu=v9.6 -mxl-soft-mul -Wl,--no-relax -o "hack.elf"  ./src/main2.o   -Wl,--start-group,-lxil,-lgcc,-lc,--end-group
'Finished building target: hack.elf'
' '
'Invoking: MicroBlaze Print Size'
mb-size hack.elf  |tee "hack.elf.size"
   text	   data	    bss	    dec	    hex	filename
  11116	    412	   3256	  14784	   39c0	hack.elf
'Finished building: hack.elf.size'
' '
20:10:27 **** Incremental Build of configuration Debug for project hack ****
make all 
make: Nothing to be done for `all'.
20:11:30 **** Auto Build of configuration Debug for project hack ****
make all 
'Building file: ../src/main2.c'
'Invoking: MicroBlaze gcc compiler'
mb-gcc -Wall -O0 -g3 -c -fmessage-length=0 -MT"src/main2.o" -I../../hack_bsp/microblaze_0/include -mlittle-endian -mcpu=v9.6 -mxl-soft-mul -Wl,--no-relax -MMD -MP -MF"src/main2.d" -MT"src/main2.o" -o "src/main2.o" "../src/main2.c"
'Finished building: ../src/main2.c'
' '
'Building target: hack.elf'
'Invoking: MicroBlaze gcc linker'
mb-gcc -Wl,-T -Wl,../src/lscript.ld -L../../hack_bsp/microblaze_0/lib -mlittle-endian -mcpu=v9.6 -mxl-soft-mul -Wl,--no-relax -o "hack.elf"  ./src/main2.o   -Wl,--start-group,-lxil,-lgcc,-lc,--end-group
'Finished building target: hack.elf'
' '
'Invoking: MicroBlaze Print Size'
mb-size hack.elf  |tee "hack.elf.size"
   text	   data	    bss	    dec	    hex	filename
  11116	    412	   3256	  14784	   39c0	hack.elf
'Finished building: hack.elf.size'
' '
20:11:33 **** Incremental Build of configuration Debug for project hack ****
make all 
make: Nothing to be done for `all'.
20:26:45 **** Auto Build of configuration Debug for project hack ****
make all 
'Building file: ../src/main2.c'
'Invoking: MicroBlaze gcc compiler'
mb-gcc -Wall -O0 -g3 -c -fmessage-length=0 -MT"src/main2.o" -I../../hack_bsp/microblaze_0/include -mlittle-endian -mcpu=v9.6 -mxl-soft-mul -Wl,--no-relax -MMD -MP -MF"src/main2.d" -MT"src/main2.o" -o "src/main2.o" "../src/main2.c"
'Finished building: ../src/main2.c'
' '
'Building target: hack.elf'
'Invoking: MicroBlaze gcc linker'
mb-gcc -Wl,-T -Wl,../src/lscript.ld -L../../hack_bsp/microblaze_0/lib -mlittle-endian -mcpu=v9.6 -mxl-soft-mul -Wl,--no-relax -o "hack.elf"  ./src/main2.o   -Wl,--start-group,-lxil,-lgcc,-lc,--end-group
'Finished building target: hack.elf'
' '
'Invoking: MicroBlaze Print Size'
mb-size hack.elf  |tee "hack.elf.size"
   text	   data	    bss	    dec	    hex	filename
  11116	    412	   3256	  14784	   39c0	hack.elf
'Finished building: hack.elf.size'
' '
20:28:28 **** Incremental Build of configuration Debug for project hack ****
make all 
make: Nothing to be done for `all'.
20:31:40 **** Auto Build of configuration Debug for project hack ****
make all 
'Building file: ../src/main2.c'
'Invoking: MicroBlaze gcc compiler'
mb-gcc -Wall -O0 -g3 -c -fmessage-length=0 -MT"src/main2.o" -I../../hack_bsp/microblaze_0/include -mlittle-endian -mcpu=v9.6 -mxl-soft-mul -Wl,--no-relax -MMD -MP -MF"src/main2.d" -MT"src/main2.o" -o "src/main2.o" "../src/main2.c"
../src/main2.c: In function 'trackTargets':
../src/main2.c:41:20: warning: implicit declaration of function 'IMGARRAY_AXI_mReadReg' [-Wimplicit-function-declaration]
          myPixel = IMGARRAY_AXI_mReadReg(XPAR_IMGARRAY_AXI_0_S00_AXI_BASEADDR, (((20*j)+i)*4));
                    ^
../src/main2.c:45:25: warning: implicit declaration of function 'max' [-Wimplicit-function-declaration]
          pixels[i][j] = max(0, (g - ((r + b)/2)));
                         ^
../src/main2.c:46:10: warning: implicit declaration of function 'WriteToPixel' [-Wimplicit-function-declaration]
          WriteToPixel(XPAR_IMGARRAY_AXI_0_S00_AXI_BASEADDR, (((20*j)+i)*4), pixels[i][j] << 4);
          ^
'Finished building: ../src/main2.c'
' '
'Building target: hack.elf'
'Invoking: MicroBlaze gcc linker'
mb-gcc -Wl,-T -Wl,../src/lscript.ld -L../../hack_bsp/microblaze_0/lib -mlittle-endian -mcpu=v9.6 -mxl-soft-mul -Wl,--no-relax -o "hack.elf"  ./src/main2.o   -Wl,--start-group,-lxil,-lgcc,-lc,--end-group
./src/main2.o: In function `trackTargets':
D:\ECE532\Sentry_Gun_V0.1\Sentry_Gun_V0.1.sdk\hack\Debug/../src/main2.c:41: undefined reference to `IMGARRAY_AXI_mReadReg'
D:\ECE532\Sentry_Gun_V0.1\Sentry_Gun_V0.1.sdk\hack\Debug/../src/main2.c:45: undefined reference to `max'
D:\ECE532\Sentry_Gun_V0.1\Sentry_Gun_V0.1.sdk\hack\Debug/../src/main2.c:46: undefined reference to `WriteToPixel'
collect2.exe: error: ld returned 1 exit status
make: *** [hack.elf] Error 1
20:31:51 **** Auto Build of configuration Debug for project hack ****
make all 
'Building file: ../src/main2.c'
'Invoking: MicroBlaze gcc compiler'
mb-gcc -Wall -O0 -g3 -c -fmessage-length=0 -MT"src/main2.o" -I../../hack_bsp/microblaze_0/include -mlittle-endian -mcpu=v9.6 -mxl-soft-mul -Wl,--no-relax -MMD -MP -MF"src/main2.d" -MT"src/main2.o" -o "src/main2.o" "../src/main2.c"
../src/main2.c: In function 'trackTargets':
../src/main2.c:41:20: warning: implicit declaration of function 'IMGARRAY_AXI_mReadReg' [-Wimplicit-function-declaration]
          myPixel = IMGARRAY_AXI_mReadReg(XPAR_IMGARRAY_AXI_0_S00_AXI_BASEADDR, (((20*j)+i)*4));
                    ^
../src/main2.c:45:25: warning: implicit declaration of function 'max' [-Wimplicit-function-declaration]
          pixels[i][j] = max(0, (g - ((r + b)/2)));
                         ^
../src/main2.c:46:10: warning: implicit declaration of function 'WriteToPixel' [-Wimplicit-function-declaration]
          WriteToPixel(XPAR_IMGARRAY_AXI_0_S00_AXI_BASEADDR, (((20*j)+i)*4), pixels[i][j] << 4);
          ^
'Finished building: ../src/main2.c'
' '
'Building target: hack.elf'
'Invoking: MicroBlaze gcc linker'
mb-gcc -Wl,-T -Wl,../src/lscript.ld -L../../hack_bsp/microblaze_0/lib -mlittle-endian -mcpu=v9.6 -mxl-soft-mul -Wl,--no-relax -o "hack.elf"  ./src/main2.o   -Wl,--start-group,-lxil,-lgcc,-lc,--end-group
./src/main2.o: In function `trackTargets':
D:\ECE532\Sentry_Gun_V0.1\Sentry_Gun_V0.1.sdk\hack\Debug/../src/main2.c:41: undefined reference to `IMGARRAY_AXI_mReadReg'
D:\ECE532\Sentry_Gun_V0.1\Sentry_Gun_V0.1.sdk\hack\Debug/../src/main2.c:45: undefined reference to `max'
D:\ECE532\Sentry_Gun_V0.1\Sentry_Gun_V0.1.sdk\hack\Debug/../src/main2.c:46: undefined reference to `WriteToPixel'
collect2.exe: error: ld returned 1 exit status
make: *** [hack.elf] Error 1
20:31:52 **** Incremental Build of configuration Debug for project hack ****
make all 
'Building target: hack.elf'
'Invoking: MicroBlaze gcc linker'
mb-gcc -Wl,-T -Wl,../src/lscript.ld -L../../hack_bsp/microblaze_0/lib -mlittle-endian -mcpu=v9.6 -mxl-soft-mul -Wl,--no-relax -o "hack.elf"  ./src/main2.o   -Wl,--start-group,-lxil,-lgcc,-lc,--end-group
./src/main2.o: In function `trackTargets':
D:\ECE532\Sentry_Gun_V0.1\Sentry_Gun_V0.1.sdk\hack\Debug/../src/main2.c:41: undefined reference to `IMGARRAY_AXI_mReadReg'
D:\ECE532\Sentry_Gun_V0.1\Sentry_Gun_V0.1.sdk\hack\Debug/../src/main2.c:45: undefined reference to `max'
D:\ECE532\Sentry_Gun_V0.1\Sentry_Gun_V0.1.sdk\hack\Debug/../src/main2.c:46: undefined reference to `WriteToPixel'
collect2.exe: error: ld returned 1 exit status
make: *** [hack.elf] Error 1
20:32:36 **** Auto Build of configuration Debug for project hack ****
make all 
'Building file: ../src/main2.c'
'Invoking: MicroBlaze gcc compiler'
mb-gcc -Wall -O0 -g3 -c -fmessage-length=0 -MT"src/main2.o" -I../../hack_bsp/microblaze_0/include -mlittle-endian -mcpu=v9.6 -mxl-soft-mul -Wl,--no-relax -MMD -MP -MF"src/main2.d" -MT"src/main2.o" -o "src/main2.o" "../src/main2.c"
'Finished building: ../src/main2.c'
' '
'Building target: hack.elf'
'Invoking: MicroBlaze gcc linker'
mb-gcc -Wl,-T -Wl,../src/lscript.ld -L../../hack_bsp/microblaze_0/lib -mlittle-endian -mcpu=v9.6 -mxl-soft-mul -Wl,--no-relax -o "hack.elf"  ./src/main2.o   -Wl,--start-group,-lxil,-lgcc,-lc,--end-group
'Finished building target: hack.elf'
' '
'Invoking: MicroBlaze Print Size'
mb-size hack.elf  |tee "hack.elf.size"
   text	   data	    bss	    dec	    hex	filename
  12164	    416	   4468	  17048	   4298	hack.elf
'Finished building: hack.elf.size'
' '
20:32:38 **** Incremental Build of configuration Debug for project hack ****
make all 
make: Nothing to be done for `all'.
20:35:45 **** Auto Build of configuration Debug for project hack ****
make all 
'Building file: ../src/main2.c'
'Invoking: MicroBlaze gcc compiler'
mb-gcc -Wall -O0 -g3 -c -fmessage-length=0 -MT"src/main2.o" -I../../hack_bsp/microblaze_0/include -mlittle-endian -mcpu=v9.6 -mxl-soft-mul -Wl,--no-relax -MMD -MP -MF"src/main2.d" -MT"src/main2.o" -o "src/main2.o" "../src/main2.c"
'Finished building: ../src/main2.c'
' '
'Building target: hack.elf'
'Invoking: MicroBlaze gcc linker'
mb-gcc -Wl,-T -Wl,../src/lscript.ld -L../../hack_bsp/microblaze_0/lib -mlittle-endian -mcpu=v9.6 -mxl-soft-mul -Wl,--no-relax -o "hack.elf"  ./src/main2.o   -Wl,--start-group,-lxil,-lgcc,-lc,--end-group
'Finished building target: hack.elf'
' '
'Invoking: MicroBlaze Print Size'
mb-size hack.elf  |tee "hack.elf.size"
   text	   data	    bss	    dec	    hex	filename
  12164	    416	   4468	  17048	   4298	hack.elf
'Finished building: hack.elf.size'
' '
20:35:46 **** Incremental Build of configuration Debug for project hack ****
make all 
make: Nothing to be done for `all'.
20:35:57 **** Incremental Build of configuration Debug for project hack ****
make all 
make: Nothing to be done for `all'.
20:36:16 **** Incremental Build of configuration Debug for project hack ****
make all 
'Building file: ../src/main2.c'
'Invoking: MicroBlaze gcc compiler'
mb-gcc -Wall -O0 -g3 -c -fmessage-length=0 -MT"src/main2.o" -I../../hack_bsp/microblaze_0/include -mlittle-endian -mcpu=v9.6 -mxl-soft-mul -Wl,--no-relax -MMD -MP -MF"src/main2.d" -MT"src/main2.o" -o "src/main2.o" "../src/main2.c"
'Finished building: ../src/main2.c'
' '
'Building target: hack.elf'
'Invoking: MicroBlaze gcc linker'
mb-gcc -Wl,-T -Wl,../src/lscript.ld -L../../hack_bsp/microblaze_0/lib -mlittle-endian -mcpu=v9.6 -mxl-soft-mul -Wl,--no-relax -o "hack.elf"  ./src/main2.o   -Wl,--start-group,-lxil,-lgcc,-lc,--end-group
'Finished building target: hack.elf'
' '
'Invoking: MicroBlaze Print Size'
mb-size hack.elf  |tee "hack.elf.size"
   text	   data	    bss	    dec	    hex	filename
  12164	    416	   4468	  17048	   4298	hack.elf
'Finished building: hack.elf.size'
' '
20:36:21 **** Incremental Build of configuration Debug for project hack ****
make all 
make: Nothing to be done for `all'.
20:37:16 **** Auto Build of configuration Debug for project hack ****
make all 
'Building file: ../src/main2.c'
'Invoking: MicroBlaze gcc compiler'
mb-gcc -Wall -O0 -g3 -c -fmessage-length=0 -MT"src/main2.o" -I../../hack_bsp/microblaze_0/include -mlittle-endian -mcpu=v9.6 -mxl-soft-mul -Wl,--no-relax -MMD -MP -MF"src/main2.d" -MT"src/main2.o" -o "src/main2.o" "../src/main2.c"
'Finished building: ../src/main2.c'
' '
'Building target: hack.elf'
'Invoking: MicroBlaze gcc linker'
mb-gcc -Wl,-T -Wl,../src/lscript.ld -L../../hack_bsp/microblaze_0/lib -mlittle-endian -mcpu=v9.6 -mxl-soft-mul -Wl,--no-relax -o "hack.elf"  ./src/main2.o   -Wl,--start-group,-lxil,-lgcc,-lc,--end-group
'Finished building target: hack.elf'
' '
'Invoking: MicroBlaze Print Size'
mb-size hack.elf  |tee "hack.elf.size"
   text	   data	    bss	    dec	    hex	filename
  12164	    416	   4468	  17048	   4298	hack.elf
'Finished building: hack.elf.size'
' '
20:37:18 **** Incremental Build of configuration Debug for project hack ****
make all 
make: Nothing to be done for `all'.
20:37:22 **** Incremental Build of configuration Debug for project hack ****
make all 
make: Nothing to be done for `all'.
20:37:34 **** Auto Build of configuration Debug for project hack ****
make all 
'Building file: ../src/main2.c'
'Invoking: MicroBlaze gcc compiler'
mb-gcc -Wall -O0 -g3 -c -fmessage-length=0 -MT"src/main2.o" -I../../hack_bsp/microblaze_0/include -mlittle-endian -mcpu=v9.6 -mxl-soft-mul -Wl,--no-relax -MMD -MP -MF"src/main2.d" -MT"src/main2.o" -o "src/main2.o" "../src/main2.c"
'Finished building: ../src/main2.c'
' '
'Building target: hack.elf'
'Invoking: MicroBlaze gcc linker'
mb-gcc -Wl,-T -Wl,../src/lscript.ld -L../../hack_bsp/microblaze_0/lib -mlittle-endian -mcpu=v9.6 -mxl-soft-mul -Wl,--no-relax -o "hack.elf"  ./src/main2.o   -Wl,--start-group,-lxil,-lgcc,-lc,--end-group
'Finished building target: hack.elf'
' '
'Invoking: MicroBlaze Print Size'
mb-size hack.elf  |tee "hack.elf.size"
   text	   data	    bss	    dec	    hex	filename
  12164	    416	   4468	  17048	   4298	hack.elf
'Finished building: hack.elf.size'
' '
20:37:35 **** Incremental Build of configuration Debug for project hack ****
make all 
make: Nothing to be done for `all'.
20:37:39 **** Incremental Build of configuration Debug for project hack ****
make all 
make: Nothing to be done for `all'.
20:37:52 **** Auto Build of configuration Debug for project hack ****
make all 
'Building file: ../src/main2.c'
'Invoking: MicroBlaze gcc compiler'
mb-gcc -Wall -O0 -g3 -c -fmessage-length=0 -MT"src/main2.o" -I../../hack_bsp/microblaze_0/include -mlittle-endian -mcpu=v9.6 -mxl-soft-mul -Wl,--no-relax -MMD -MP -MF"src/main2.d" -MT"src/main2.o" -o "src/main2.o" "../src/main2.c"
'Finished building: ../src/main2.c'
' '
'Building target: hack.elf'
'Invoking: MicroBlaze gcc linker'
mb-gcc -Wl,-T -Wl,../src/lscript.ld -L../../hack_bsp/microblaze_0/lib -mlittle-endian -mcpu=v9.6 -mxl-soft-mul -Wl,--no-relax -o "hack.elf"  ./src/main2.o   -Wl,--start-group,-lxil,-lgcc,-lc,--end-group
'Finished building target: hack.elf'
' '
'Invoking: MicroBlaze Print Size'
mb-size hack.elf  |tee "hack.elf.size"
   text	   data	    bss	    dec	    hex	filename
  12164	    416	   4468	  17048	   4298	hack.elf
'Finished building: hack.elf.size'
' '
20:37:53 **** Incremental Build of configuration Debug for project hack ****
make all 
make: Nothing to be done for `all'.
20:37:57 **** Incremental Build of configuration Debug for project hack ****
make all 
make: Nothing to be done for `all'.
20:38:18 **** Auto Build of configuration Debug for project hack ****
make all 
'Building file: ../src/main2.c'
'Invoking: MicroBlaze gcc compiler'
mb-gcc -Wall -O0 -g3 -c -fmessage-length=0 -MT"src/main2.o" -I../../hack_bsp/microblaze_0/include -mlittle-endian -mcpu=v9.6 -mxl-soft-mul -Wl,--no-relax -MMD -MP -MF"src/main2.d" -MT"src/main2.o" -o "src/main2.o" "../src/main2.c"
'Finished building: ../src/main2.c'
' '
'Building target: hack.elf'
'Invoking: MicroBlaze gcc linker'
mb-gcc -Wl,-T -Wl,../src/lscript.ld -L../../hack_bsp/microblaze_0/lib -mlittle-endian -mcpu=v9.6 -mxl-soft-mul -Wl,--no-relax -o "hack.elf"  ./src/main2.o   -Wl,--start-group,-lxil,-lgcc,-lc,--end-group
'Finished building target: hack.elf'
' '
'Invoking: MicroBlaze Print Size'
mb-size hack.elf  |tee "hack.elf.size"
   text	   data	    bss	    dec	    hex	filename
  12164	    416	   4468	  17048	   4298	hack.elf
'Finished building: hack.elf.size'
' '
20:38:19 **** Incremental Build of configuration Debug for project hack ****
make all 
make: Nothing to be done for `all'.
20:38:24 **** Incremental Build of configuration Debug for project hack ****
make all 
make: Nothing to be done for `all'.
20:38:38 **** Auto Build of configuration Debug for project hack ****
make all 
'Building file: ../src/main2.c'
'Invoking: MicroBlaze gcc compiler'
mb-gcc -Wall -O0 -g3 -c -fmessage-length=0 -MT"src/main2.o" -I../../hack_bsp/microblaze_0/include -mlittle-endian -mcpu=v9.6 -mxl-soft-mul -Wl,--no-relax -MMD -MP -MF"src/main2.d" -MT"src/main2.o" -o "src/main2.o" "../src/main2.c"
'Finished building: ../src/main2.c'
' '
'Building target: hack.elf'
'Invoking: MicroBlaze gcc linker'
mb-gcc -Wl,-T -Wl,../src/lscript.ld -L../../hack_bsp/microblaze_0/lib -mlittle-endian -mcpu=v9.6 -mxl-soft-mul -Wl,--no-relax -o "hack.elf"  ./src/main2.o   -Wl,--start-group,-lxil,-lgcc,-lc,--end-group
'Finished building target: hack.elf'
' '
'Invoking: MicroBlaze Print Size'
mb-size hack.elf  |tee "hack.elf.size"
   text	   data	    bss	    dec	    hex	filename
  12164	    416	   4468	  17048	   4298	hack.elf
'Finished building: hack.elf.size'
' '
20:38:39 **** Incremental Build of configuration Debug for project hack ****
make all 
make: Nothing to be done for `all'.
20:39:22 **** Incremental Build of configuration Debug for project hack ****
make all 
make: Nothing to be done for `all'.
20:39:33 **** Incremental Build of configuration Debug for project hack ****
make all 
'Building file: ../src/main2.c'
'Invoking: MicroBlaze gcc compiler'
mb-gcc -Wall -O0 -g3 -c -fmessage-length=0 -MT"src/main2.o" -I../../hack_bsp/microblaze_0/include -mlittle-endian -mcpu=v9.6 -mxl-soft-mul -Wl,--no-relax -MMD -MP -MF"src/main2.d" -MT"src/main2.o" -o "src/main2.o" "../src/main2.c"
'Finished building: ../src/main2.c'
' '
'Building target: hack.elf'
'Invoking: MicroBlaze gcc linker'
mb-gcc -Wl,-T -Wl,../src/lscript.ld -L../../hack_bsp/microblaze_0/lib -mlittle-endian -mcpu=v9.6 -mxl-soft-mul -Wl,--no-relax -o "hack.elf"  ./src/main2.o   -Wl,--start-group,-lxil,-lgcc,-lc,--end-group
'Finished building target: hack.elf'
' '
'Invoking: MicroBlaze Print Size'
mb-size hack.elf  |tee "hack.elf.size"
   text	   data	    bss	    dec	    hex	filename
  12164	    416	   4468	  17048	   4298	hack.elf
'Finished building: hack.elf.size'
' '
20:39:43 **** Incremental Build of configuration Debug for project hack ****
make all 
make: Nothing to be done for `all'.
20:39:58 **** Auto Build of configuration Debug for project hack ****
make all 
'Building file: ../src/main2.c'
'Invoking: MicroBlaze gcc compiler'
mb-gcc -Wall -O0 -g3 -c -fmessage-length=0 -MT"src/main2.o" -I../../hack_bsp/microblaze_0/include -mlittle-endian -mcpu=v9.6 -mxl-soft-mul -Wl,--no-relax -MMD -MP -MF"src/main2.d" -MT"src/main2.o" -o "src/main2.o" "../src/main2.c"
'Finished building: ../src/main2.c'
' '
'Building target: hack.elf'
'Invoking: MicroBlaze gcc linker'
mb-gcc -Wl,-T -Wl,../src/lscript.ld -L../../hack_bsp/microblaze_0/lib -mlittle-endian -mcpu=v9.6 -mxl-soft-mul -Wl,--no-relax -o "hack.elf"  ./src/main2.o   -Wl,--start-group,-lxil,-lgcc,-lc,--end-group
'Finished building target: hack.elf'
' '
'Invoking: MicroBlaze Print Size'
mb-size hack.elf  |tee "hack.elf.size"
   text	   data	    bss	    dec	    hex	filename
  12164	    416	   4468	  17048	   4298	hack.elf
'Finished building: hack.elf.size'
' '
20:39:59 **** Incremental Build of configuration Debug for project hack ****
make all 
make: Nothing to be done for `all'.
20:40:02 **** Incremental Build of configuration Debug for project hack ****
make all 
make: Nothing to be done for `all'.
20:40:09 **** Incremental Build of configuration Debug for project hack ****
make all 
make: Nothing to be done for `all'.
20:40:19 **** Auto Build of configuration Debug for project hack ****
make all 
'Building file: ../src/main2.c'
'Invoking: MicroBlaze gcc compiler'
mb-gcc -Wall -O0 -g3 -c -fmessage-length=0 -MT"src/main2.o" -I../../hack_bsp/microblaze_0/include -mlittle-endian -mcpu=v9.6 -mxl-soft-mul -Wl,--no-relax -MMD -MP -MF"src/main2.d" -MT"src/main2.o" -o "src/main2.o" "../src/main2.c"
'Finished building: ../src/main2.c'
' '
'Building target: hack.elf'
'Invoking: MicroBlaze gcc linker'
mb-gcc -Wl,-T -Wl,../src/lscript.ld -L../../hack_bsp/microblaze_0/lib -mlittle-endian -mcpu=v9.6 -mxl-soft-mul -Wl,--no-relax -o "hack.elf"  ./src/main2.o   -Wl,--start-group,-lxil,-lgcc,-lc,--end-group
'Finished building target: hack.elf'
' '
'Invoking: MicroBlaze Print Size'
mb-size hack.elf  |tee "hack.elf.size"
   text	   data	    bss	    dec	    hex	filename
  12164	    416	   4468	  17048	   4298	hack.elf
'Finished building: hack.elf.size'
' '
20:40:20 **** Incremental Build of configuration Debug for project hack ****
make all 
make: Nothing to be done for `all'.
20:40:29 **** Auto Build of configuration Debug for project hack ****
make all 
'Building file: ../src/main2.c'
'Invoking: MicroBlaze gcc compiler'
mb-gcc -Wall -O0 -g3 -c -fmessage-length=0 -MT"src/main2.o" -I../../hack_bsp/microblaze_0/include -mlittle-endian -mcpu=v9.6 -mxl-soft-mul -Wl,--no-relax -MMD -MP -MF"src/main2.d" -MT"src/main2.o" -o "src/main2.o" "../src/main2.c"
'Finished building: ../src/main2.c'
' '
'Building target: hack.elf'
'Invoking: MicroBlaze gcc linker'
mb-gcc -Wl,-T -Wl,../src/lscript.ld -L../../hack_bsp/microblaze_0/lib -mlittle-endian -mcpu=v9.6 -mxl-soft-mul -Wl,--no-relax -o "hack.elf"  ./src/main2.o   -Wl,--start-group,-lxil,-lgcc,-lc,--end-group
'Finished building target: hack.elf'
' '
'Invoking: MicroBlaze Print Size'
mb-size hack.elf  |tee "hack.elf.size"
   text	   data	    bss	    dec	    hex	filename
  12164	    416	   4468	  17048	   4298	hack.elf
'Finished building: hack.elf.size'
' '
20:40:30 **** Incremental Build of configuration Debug for project hack ****
make all 
make: Nothing to be done for `all'.
20:40:34 **** Incremental Build of configuration Debug for project hack ****
make all 
make: Nothing to be done for `all'.
20:40:45 **** Auto Build of configuration Debug for project hack ****
make all 
'Building file: ../src/main2.c'
'Invoking: MicroBlaze gcc compiler'
mb-gcc -Wall -O0 -g3 -c -fmessage-length=0 -MT"src/main2.o" -I../../hack_bsp/microblaze_0/include -mlittle-endian -mcpu=v9.6 -mxl-soft-mul -Wl,--no-relax -MMD -MP -MF"src/main2.d" -MT"src/main2.o" -o "src/main2.o" "../src/main2.c"
'Finished building: ../src/main2.c'
' '
'Building target: hack.elf'
'Invoking: MicroBlaze gcc linker'
mb-gcc -Wl,-T -Wl,../src/lscript.ld -L../../hack_bsp/microblaze_0/lib -mlittle-endian -mcpu=v9.6 -mxl-soft-mul -Wl,--no-relax -o "hack.elf"  ./src/main2.o   -Wl,--start-group,-lxil,-lgcc,-lc,--end-group
'Finished building target: hack.elf'
' '
'Invoking: MicroBlaze Print Size'
mb-size hack.elf  |tee "hack.elf.size"
   text	   data	    bss	    dec	    hex	filename
  12164	    416	   4468	  17048	   4298	hack.elf
'Finished building: hack.elf.size'
' '
20:40:46 **** Incremental Build of configuration Debug for project hack ****
make all 
make: Nothing to be done for `all'.
20:40:49 **** Incremental Build of configuration Debug for project hack ****
make all 
make: Nothing to be done for `all'.
20:40:56 **** Auto Build of configuration Debug for project hack ****
make all 
'Building file: ../src/main2.c'
'Invoking: MicroBlaze gcc compiler'
mb-gcc -Wall -O0 -g3 -c -fmessage-length=0 -MT"src/main2.o" -I../../hack_bsp/microblaze_0/include -mlittle-endian -mcpu=v9.6 -mxl-soft-mul -Wl,--no-relax -MMD -MP -MF"src/main2.d" -MT"src/main2.o" -o "src/main2.o" "../src/main2.c"
'Finished building: ../src/main2.c'
' '
'Building target: hack.elf'
'Invoking: MicroBlaze gcc linker'
mb-gcc -Wl,-T -Wl,../src/lscript.ld -L../../hack_bsp/microblaze_0/lib -mlittle-endian -mcpu=v9.6 -mxl-soft-mul -Wl,--no-relax -o "hack.elf"  ./src/main2.o   -Wl,--start-group,-lxil,-lgcc,-lc,--end-group
'Finished building target: hack.elf'
' '
'Invoking: MicroBlaze Print Size'
mb-size hack.elf  |tee "hack.elf.size"
   text	   data	    bss	    dec	    hex	filename
  12164	    416	   4468	  17048	   4298	hack.elf
'Finished building: hack.elf.size'
' '
20:40:56 **** Incremental Build of configuration Debug for project hack ****
make all 
make: Nothing to be done for `all'.
20:41:01 **** Incremental Build of configuration Debug for project hack ****
make all 
make: Nothing to be done for `all'.
20:41:10 **** Auto Build of configuration Debug for project hack ****
make all 
'Building file: ../src/main2.c'
'Invoking: MicroBlaze gcc compiler'
mb-gcc -Wall -O0 -g3 -c -fmessage-length=0 -MT"src/main2.o" -I../../hack_bsp/microblaze_0/include -mlittle-endian -mcpu=v9.6 -mxl-soft-mul -Wl,--no-relax -MMD -MP -MF"src/main2.d" -MT"src/main2.o" -o "src/main2.o" "../src/main2.c"
'Finished building: ../src/main2.c'
' '
'Building target: hack.elf'
'Invoking: MicroBlaze gcc linker'
mb-gcc -Wl,-T -Wl,../src/lscript.ld -L../../hack_bsp/microblaze_0/lib -mlittle-endian -mcpu=v9.6 -mxl-soft-mul -Wl,--no-relax -o "hack.elf"  ./src/main2.o   -Wl,--start-group,-lxil,-lgcc,-lc,--end-group
'Finished building target: hack.elf'
' '
'Invoking: MicroBlaze Print Size'
mb-size hack.elf  |tee "hack.elf.size"
   text	   data	    bss	    dec	    hex	filename
  12164	    416	   4468	  17048	   4298	hack.elf
'Finished building: hack.elf.size'
' '
20:41:12 **** Incremental Build of configuration Debug for project hack ****
make all 
make: Nothing to be done for `all'.
20:41:15 **** Incremental Build of configuration Debug for project hack ****
make all 
make: Nothing to be done for `all'.
20:41:22 **** Auto Build of configuration Debug for project hack ****
make all 
'Building file: ../src/main2.c'
'Invoking: MicroBlaze gcc compiler'
mb-gcc -Wall -O0 -g3 -c -fmessage-length=0 -MT"src/main2.o" -I../../hack_bsp/microblaze_0/include -mlittle-endian -mcpu=v9.6 -mxl-soft-mul -Wl,--no-relax -MMD -MP -MF"src/main2.d" -MT"src/main2.o" -o "src/main2.o" "../src/main2.c"
'Finished building: ../src/main2.c'
' '
'Building target: hack.elf'
'Invoking: MicroBlaze gcc linker'
mb-gcc -Wl,-T -Wl,../src/lscript.ld -L../../hack_bsp/microblaze_0/lib -mlittle-endian -mcpu=v9.6 -mxl-soft-mul -Wl,--no-relax -o "hack.elf"  ./src/main2.o   -Wl,--start-group,-lxil,-lgcc,-lc,--end-group
'Finished building target: hack.elf'
' '
'Invoking: MicroBlaze Print Size'
mb-size hack.elf  |tee "hack.elf.size"
   text	   data	    bss	    dec	    hex	filename
  12164	    416	   4468	  17048	   4298	hack.elf
'Finished building: hack.elf.size'
' '
20:41:24 **** Incremental Build of configuration Debug for project hack ****
make all 
make: Nothing to be done for `all'.
20:41:27 **** Incremental Build of configuration Debug for project hack ****
make all 
make: Nothing to be done for `all'.
20:41:34 **** Auto Build of configuration Debug for project hack ****
make all 
'Building file: ../src/main2.c'
'Invoking: MicroBlaze gcc compiler'
mb-gcc -Wall -O0 -g3 -c -fmessage-length=0 -MT"src/main2.o" -I../../hack_bsp/microblaze_0/include -mlittle-endian -mcpu=v9.6 -mxl-soft-mul -Wl,--no-relax -MMD -MP -MF"src/main2.d" -MT"src/main2.o" -o "src/main2.o" "../src/main2.c"
'Finished building: ../src/main2.c'
' '
'Building target: hack.elf'
'Invoking: MicroBlaze gcc linker'
mb-gcc -Wl,-T -Wl,../src/lscript.ld -L../../hack_bsp/microblaze_0/lib -mlittle-endian -mcpu=v9.6 -mxl-soft-mul -Wl,--no-relax -o "hack.elf"  ./src/main2.o   -Wl,--start-group,-lxil,-lgcc,-lc,--end-group
'Finished building target: hack.elf'
' '
'Invoking: MicroBlaze Print Size'
mb-size hack.elf  |tee "hack.elf.size"
   text	   data	    bss	    dec	    hex	filename
  12164	    416	   4468	  17048	   4298	hack.elf
'Finished building: hack.elf.size'
' '
20:41:35 **** Incremental Build of configuration Debug for project hack ****
make all 
make: Nothing to be done for `all'.
20:41:41 **** Incremental Build of configuration Debug for project hack ****
make all 
make: Nothing to be done for `all'.
20:41:50 **** Auto Build of configuration Debug for project hack ****
make all 
'Building file: ../src/main2.c'
'Invoking: MicroBlaze gcc compiler'
mb-gcc -Wall -O0 -g3 -c -fmessage-length=0 -MT"src/main2.o" -I../../hack_bsp/microblaze_0/include -mlittle-endian -mcpu=v9.6 -mxl-soft-mul -Wl,--no-relax -MMD -MP -MF"src/main2.d" -MT"src/main2.o" -o "src/main2.o" "../src/main2.c"
'Finished building: ../src/main2.c'
' '
'Building target: hack.elf'
'Invoking: MicroBlaze gcc linker'
mb-gcc -Wl,-T -Wl,../src/lscript.ld -L../../hack_bsp/microblaze_0/lib -mlittle-endian -mcpu=v9.6 -mxl-soft-mul -Wl,--no-relax -o "hack.elf"  ./src/main2.o   -Wl,--start-group,-lxil,-lgcc,-lc,--end-group
'Finished building target: hack.elf'
' '
'Invoking: MicroBlaze Print Size'
mb-size hack.elf  |tee "hack.elf.size"
   text	   data	    bss	    dec	    hex	filename
  12164	    416	   4468	  17048	   4298	hack.elf
'Finished building: hack.elf.size'
' '
20:41:51 **** Incremental Build of configuration Debug for project hack ****
make all 
make: Nothing to be done for `all'.
20:41:56 **** Incremental Build of configuration Debug for project hack ****
make all 
make: Nothing to be done for `all'.
20:42:19 **** Auto Build of configuration Debug for project hack ****
make all 
'Building file: ../src/main2.c'
'Invoking: MicroBlaze gcc compiler'
mb-gcc -Wall -O0 -g3 -c -fmessage-length=0 -MT"src/main2.o" -I../../hack_bsp/microblaze_0/include -mlittle-endian -mcpu=v9.6 -mxl-soft-mul -Wl,--no-relax -MMD -MP -MF"src/main2.d" -MT"src/main2.o" -o "src/main2.o" "../src/main2.c"
'Finished building: ../src/main2.c'
' '
'Building target: hack.elf'
'Invoking: MicroBlaze gcc linker'
mb-gcc -Wl,-T -Wl,../src/lscript.ld -L../../hack_bsp/microblaze_0/lib -mlittle-endian -mcpu=v9.6 -mxl-soft-mul -Wl,--no-relax -o "hack.elf"  ./src/main2.o   -Wl,--start-group,-lxil,-lgcc,-lc,--end-group
'Finished building target: hack.elf'
' '
'Invoking: MicroBlaze Print Size'
mb-size hack.elf  |tee "hack.elf.size"
   text	   data	    bss	    dec	    hex	filename
  12164	    416	   4468	  17048	   4298	hack.elf
'Finished building: hack.elf.size'
' '
20:42:20 **** Incremental Build of configuration Debug for project hack ****
make all 
make: Nothing to be done for `all'.
20:42:25 **** Incremental Build of configuration Debug for project hack ****
make all 
make: Nothing to be done for `all'.
20:42:30 **** Incremental Build of configuration Debug for project hack ****
make all 
make: Nothing to be done for `all'.
20:42:36 **** Auto Build of configuration Debug for project hack ****
make all 
'Building file: ../src/main2.c'
'Invoking: MicroBlaze gcc compiler'
mb-gcc -Wall -O0 -g3 -c -fmessage-length=0 -MT"src/main2.o" -I../../hack_bsp/microblaze_0/include -mlittle-endian -mcpu=v9.6 -mxl-soft-mul -Wl,--no-relax -MMD -MP -MF"src/main2.d" -MT"src/main2.o" -o "src/main2.o" "../src/main2.c"
'Finished building: ../src/main2.c'
' '
'Building target: hack.elf'
'Invoking: MicroBlaze gcc linker'
mb-gcc -Wl,-T -Wl,../src/lscript.ld -L../../hack_bsp/microblaze_0/lib -mlittle-endian -mcpu=v9.6 -mxl-soft-mul -Wl,--no-relax -o "hack.elf"  ./src/main2.o   -Wl,--start-group,-lxil,-lgcc,-lc,--end-group
'Finished building target: hack.elf'
' '
'Invoking: MicroBlaze Print Size'
mb-size hack.elf  |tee "hack.elf.size"
   text	   data	    bss	    dec	    hex	filename
  12164	    416	   4468	  17048	   4298	hack.elf
'Finished building: hack.elf.size'
' '
20:42:36 **** Incremental Build of configuration Debug for project hack ****
make all 
make: Nothing to be done for `all'.
20:42:40 **** Incremental Build of configuration Debug for project hack ****
make all 
make: Nothing to be done for `all'.
20:42:49 **** Auto Build of configuration Debug for project hack ****
make all 
'Building file: ../src/main2.c'
'Invoking: MicroBlaze gcc compiler'
mb-gcc -Wall -O0 -g3 -c -fmessage-length=0 -MT"src/main2.o" -I../../hack_bsp/microblaze_0/include -mlittle-endian -mcpu=v9.6 -mxl-soft-mul -Wl,--no-relax -MMD -MP -MF"src/main2.d" -MT"src/main2.o" -o "src/main2.o" "../src/main2.c"
'Finished building: ../src/main2.c'
' '
'Building target: hack.elf'
'Invoking: MicroBlaze gcc linker'
mb-gcc -Wl,-T -Wl,../src/lscript.ld -L../../hack_bsp/microblaze_0/lib -mlittle-endian -mcpu=v9.6 -mxl-soft-mul -Wl,--no-relax -o "hack.elf"  ./src/main2.o   -Wl,--start-group,-lxil,-lgcc,-lc,--end-group
'Finished building target: hack.elf'
' '
'Invoking: MicroBlaze Print Size'
mb-size hack.elf  |tee "hack.elf.size"
   text	   data	    bss	    dec	    hex	filename
  12164	    416	   4468	  17048	   4298	hack.elf
'Finished building: hack.elf.size'
' '
20:42:50 **** Incremental Build of configuration Debug for project hack ****
make all 
make: Nothing to be done for `all'.
20:42:57 **** Auto Build of configuration Debug for project hack ****
make all 
'Building file: ../src/main2.c'
'Invoking: MicroBlaze gcc compiler'
mb-gcc -Wall -O0 -g3 -c -fmessage-length=0 -MT"src/main2.o" -I../../hack_bsp/microblaze_0/include -mlittle-endian -mcpu=v9.6 -mxl-soft-mul -Wl,--no-relax -MMD -MP -MF"src/main2.d" -MT"src/main2.o" -o "src/main2.o" "../src/main2.c"
'Finished building: ../src/main2.c'
' '
'Building target: hack.elf'
'Invoking: MicroBlaze gcc linker'
mb-gcc -Wl,-T -Wl,../src/lscript.ld -L../../hack_bsp/microblaze_0/lib -mlittle-endian -mcpu=v9.6 -mxl-soft-mul -Wl,--no-relax -o "hack.elf"  ./src/main2.o   -Wl,--start-group,-lxil,-lgcc,-lc,--end-group
'Finished building target: hack.elf'
' '
'Invoking: MicroBlaze Print Size'
mb-size hack.elf  |tee "hack.elf.size"
   text	   data	    bss	    dec	    hex	filename
  12164	    416	   4468	  17048	   4298	hack.elf
'Finished building: hack.elf.size'
' '
20:42:59 **** Incremental Build of configuration Debug for project hack ****
make all 
make: Nothing to be done for `all'.
20:43:04 **** Incremental Build of configuration Debug for project hack ****
make all 
make: Nothing to be done for `all'.
20:43:28 **** Auto Build of configuration Debug for project hack ****
make all 
'Building file: ../src/main2.c'
'Invoking: MicroBlaze gcc compiler'
mb-gcc -Wall -O0 -g3 -c -fmessage-length=0 -MT"src/main2.o" -I../../hack_bsp/microblaze_0/include -mlittle-endian -mcpu=v9.6 -mxl-soft-mul -Wl,--no-relax -MMD -MP -MF"src/main2.d" -MT"src/main2.o" -o "src/main2.o" "../src/main2.c"
'Finished building: ../src/main2.c'
' '
'Building target: hack.elf'
'Invoking: MicroBlaze gcc linker'
mb-gcc -Wl,-T -Wl,../src/lscript.ld -L../../hack_bsp/microblaze_0/lib -mlittle-endian -mcpu=v9.6 -mxl-soft-mul -Wl,--no-relax -o "hack.elf"  ./src/main2.o   -Wl,--start-group,-lxil,-lgcc,-lc,--end-group
'Finished building target: hack.elf'
' '
'Invoking: MicroBlaze Print Size'
mb-size hack.elf  |tee "hack.elf.size"
   text	   data	    bss	    dec	    hex	filename
  12164	    416	   4468	  17048	   4298	hack.elf
'Finished building: hack.elf.size'
' '
20:43:29 **** Incremental Build of configuration Debug for project hack ****
make all 
make: Nothing to be done for `all'.
20:43:33 **** Incremental Build of configuration Debug for project hack ****
make all 
make: Nothing to be done for `all'.
20:43:44 **** Auto Build of configuration Debug for project hack ****
make all 
'Building file: ../src/main2.c'
'Invoking: MicroBlaze gcc compiler'
mb-gcc -Wall -O0 -g3 -c -fmessage-length=0 -MT"src/main2.o" -I../../hack_bsp/microblaze_0/include -mlittle-endian -mcpu=v9.6 -mxl-soft-mul -Wl,--no-relax -MMD -MP -MF"src/main2.d" -MT"src/main2.o" -o "src/main2.o" "../src/main2.c"
'Finished building: ../src/main2.c'
' '
'Building target: hack.elf'
'Invoking: MicroBlaze gcc linker'
mb-gcc -Wl,-T -Wl,../src/lscript.ld -L../../hack_bsp/microblaze_0/lib -mlittle-endian -mcpu=v9.6 -mxl-soft-mul -Wl,--no-relax -o "hack.elf"  ./src/main2.o   -Wl,--start-group,-lxil,-lgcc,-lc,--end-group
'Finished building target: hack.elf'
' '
'Invoking: MicroBlaze Print Size'
mb-size hack.elf  |tee "hack.elf.size"
   text	   data	    bss	    dec	    hex	filename
  12164	    416	   4468	  17048	   4298	hack.elf
'Finished building: hack.elf.size'
' '
20:43:46 **** Incremental Build of configuration Debug for project hack ****
make all 
make: Nothing to be done for `all'.
20:43:50 **** Incremental Build of configuration Debug for project hack ****
make all 
make: Nothing to be done for `all'.
20:43:58 **** Auto Build of configuration Debug for project hack ****
make all 
'Building file: ../src/main2.c'
'Invoking: MicroBlaze gcc compiler'
mb-gcc -Wall -O0 -g3 -c -fmessage-length=0 -MT"src/main2.o" -I../../hack_bsp/microblaze_0/include -mlittle-endian -mcpu=v9.6 -mxl-soft-mul -Wl,--no-relax -MMD -MP -MF"src/main2.d" -MT"src/main2.o" -o "src/main2.o" "../src/main2.c"
'Finished building: ../src/main2.c'
' '
'Building target: hack.elf'
'Invoking: MicroBlaze gcc linker'
mb-gcc -Wl,-T -Wl,../src/lscript.ld -L../../hack_bsp/microblaze_0/lib -mlittle-endian -mcpu=v9.6 -mxl-soft-mul -Wl,--no-relax -o "hack.elf"  ./src/main2.o   -Wl,--start-group,-lxil,-lgcc,-lc,--end-group
'Finished building target: hack.elf'
' '
'Invoking: MicroBlaze Print Size'
mb-size hack.elf  |tee "hack.elf.size"
   text	   data	    bss	    dec	    hex	filename
  12164	    416	   4468	  17048	   4298	hack.elf
'Finished building: hack.elf.size'
' '
20:43:59 **** Incremental Build of configuration Debug for project hack ****
make all 
make: Nothing to be done for `all'.
20:44:03 **** Incremental Build of configuration Debug for project hack ****
make all 
make: Nothing to be done for `all'.
20:44:11 **** Auto Build of configuration Debug for project hack ****
make all 
'Building file: ../src/main2.c'
'Invoking: MicroBlaze gcc compiler'
mb-gcc -Wall -O0 -g3 -c -fmessage-length=0 -MT"src/main2.o" -I../../hack_bsp/microblaze_0/include -mlittle-endian -mcpu=v9.6 -mxl-soft-mul -Wl,--no-relax -MMD -MP -MF"src/main2.d" -MT"src/main2.o" -o "src/main2.o" "../src/main2.c"
'Finished building: ../src/main2.c'
' '
'Building target: hack.elf'
'Invoking: MicroBlaze gcc linker'
mb-gcc -Wl,-T -Wl,../src/lscript.ld -L../../hack_bsp/microblaze_0/lib -mlittle-endian -mcpu=v9.6 -mxl-soft-mul -Wl,--no-relax -o "hack.elf"  ./src/main2.o   -Wl,--start-group,-lxil,-lgcc,-lc,--end-group
'Finished building target: hack.elf'
' '
'Invoking: MicroBlaze Print Size'
mb-size hack.elf  |tee "hack.elf.size"
   text	   data	    bss	    dec	    hex	filename
  12164	    416	   4468	  17048	   4298	hack.elf
'Finished building: hack.elf.size'
' '
20:44:14 **** Incremental Build of configuration Debug for project hack ****
make all 
make: Nothing to be done for `all'.
20:44:18 **** Incremental Build of configuration Debug for project hack ****
make all 
make: Nothing to be done for `all'.
20:44:28 **** Auto Build of configuration Debug for project hack ****
make all 
'Building file: ../src/main2.c'
'Invoking: MicroBlaze gcc compiler'
mb-gcc -Wall -O0 -g3 -c -fmessage-length=0 -MT"src/main2.o" -I../../hack_bsp/microblaze_0/include -mlittle-endian -mcpu=v9.6 -mxl-soft-mul -Wl,--no-relax -MMD -MP -MF"src/main2.d" -MT"src/main2.o" -o "src/main2.o" "../src/main2.c"
'Finished building: ../src/main2.c'
' '
'Building target: hack.elf'
'Invoking: MicroBlaze gcc linker'
mb-gcc -Wl,-T -Wl,../src/lscript.ld -L../../hack_bsp/microblaze_0/lib -mlittle-endian -mcpu=v9.6 -mxl-soft-mul -Wl,--no-relax -o "hack.elf"  ./src/main2.o   -Wl,--start-group,-lxil,-lgcc,-lc,--end-group
'Finished building target: hack.elf'
' '
'Invoking: MicroBlaze Print Size'
mb-size hack.elf  |tee "hack.elf.size"
   text	   data	    bss	    dec	    hex	filename
  12164	    416	   4468	  17048	   4298	hack.elf
'Finished building: hack.elf.size'
' '
20:44:29 **** Incremental Build of configuration Debug for project hack ****
make all 
make: Nothing to be done for `all'.
20:44:33 **** Incremental Build of configuration Debug for project hack ****
make all 
make: Nothing to be done for `all'.
20:44:41 **** Auto Build of configuration Debug for project hack ****
make all 
'Building file: ../src/main2.c'
'Invoking: MicroBlaze gcc compiler'
mb-gcc -Wall -O0 -g3 -c -fmessage-length=0 -MT"src/main2.o" -I../../hack_bsp/microblaze_0/include -mlittle-endian -mcpu=v9.6 -mxl-soft-mul -Wl,--no-relax -MMD -MP -MF"src/main2.d" -MT"src/main2.o" -o "src/main2.o" "../src/main2.c"
'Finished building: ../src/main2.c'
' '
'Building target: hack.elf'
'Invoking: MicroBlaze gcc linker'
mb-gcc -Wl,-T -Wl,../src/lscript.ld -L../../hack_bsp/microblaze_0/lib -mlittle-endian -mcpu=v9.6 -mxl-soft-mul -Wl,--no-relax -o "hack.elf"  ./src/main2.o   -Wl,--start-group,-lxil,-lgcc,-lc,--end-group
'Finished building target: hack.elf'
' '
'Invoking: MicroBlaze Print Size'
mb-size hack.elf  |tee "hack.elf.size"
   text	   data	    bss	    dec	    hex	filename
  12164	    416	   4468	  17048	   4298	hack.elf
'Finished building: hack.elf.size'
' '
20:44:42 **** Incremental Build of configuration Debug for project hack ****
make all 
make: Nothing to be done for `all'.
20:44:45 **** Incremental Build of configuration Debug for project hack ****
make all 
make: Nothing to be done for `all'.
20:44:56 **** Auto Build of configuration Debug for project hack ****
make all 
'Building file: ../src/main2.c'
'Invoking: MicroBlaze gcc compiler'
mb-gcc -Wall -O0 -g3 -c -fmessage-length=0 -MT"src/main2.o" -I../../hack_bsp/microblaze_0/include -mlittle-endian -mcpu=v9.6 -mxl-soft-mul -Wl,--no-relax -MMD -MP -MF"src/main2.d" -MT"src/main2.o" -o "src/main2.o" "../src/main2.c"
'Finished building: ../src/main2.c'
' '
'Building target: hack.elf'
'Invoking: MicroBlaze gcc linker'
mb-gcc -Wl,-T -Wl,../src/lscript.ld -L../../hack_bsp/microblaze_0/lib -mlittle-endian -mcpu=v9.6 -mxl-soft-mul -Wl,--no-relax -o "hack.elf"  ./src/main2.o   -Wl,--start-group,-lxil,-lgcc,-lc,--end-group
'Finished building target: hack.elf'
' '
'Invoking: MicroBlaze Print Size'
mb-size hack.elf  |tee "hack.elf.size"
   text	   data	    bss	    dec	    hex	filename
  12164	    416	   4468	  17048	   4298	hack.elf
'Finished building: hack.elf.size'
' '
20:44:57 **** Incremental Build of configuration Debug for project hack ****
make all 
make: Nothing to be done for `all'.
20:45:01 **** Incremental Build of configuration Debug for project hack ****
make all 
make: Nothing to be done for `all'.
20:45:10 **** Auto Build of configuration Debug for project hack ****
make all 
'Building file: ../src/main2.c'
'Invoking: MicroBlaze gcc compiler'
mb-gcc -Wall -O0 -g3 -c -fmessage-length=0 -MT"src/main2.o" -I../../hack_bsp/microblaze_0/include -mlittle-endian -mcpu=v9.6 -mxl-soft-mul -Wl,--no-relax -MMD -MP -MF"src/main2.d" -MT"src/main2.o" -o "src/main2.o" "../src/main2.c"
'Finished building: ../src/main2.c'
' '
'Building target: hack.elf'
'Invoking: MicroBlaze gcc linker'
mb-gcc -Wl,-T -Wl,../src/lscript.ld -L../../hack_bsp/microblaze_0/lib -mlittle-endian -mcpu=v9.6 -mxl-soft-mul -Wl,--no-relax -o "hack.elf"  ./src/main2.o   -Wl,--start-group,-lxil,-lgcc,-lc,--end-group
'Finished building target: hack.elf'
' '
'Invoking: MicroBlaze Print Size'
mb-size hack.elf  |tee "hack.elf.size"
   text	   data	    bss	    dec	    hex	filename
  12164	    416	   4468	  17048	   4298	hack.elf
'Finished building: hack.elf.size'
' '
20:45:11 **** Incremental Build of configuration Debug for project hack ****
make all 
make: Nothing to be done for `all'.
20:45:15 **** Incremental Build of configuration Debug for project hack ****
make all 
make: Nothing to be done for `all'.
20:48:10 **** Auto Build of configuration Debug for project hack ****
make all 
'Building file: ../src/main2.c'
'Invoking: MicroBlaze gcc compiler'
mb-gcc -Wall -O0 -g3 -c -fmessage-length=0 -MT"src/main2.o" -I../../hack_bsp/microblaze_0/include -mlittle-endian -mcpu=v9.6 -mxl-soft-mul -Wl,--no-relax -MMD -MP -MF"src/main2.d" -MT"src/main2.o" -o "src/main2.o" "../src/main2.c"
'Finished building: ../src/main2.c'
' '
'Building target: hack.elf'
'Invoking: MicroBlaze gcc linker'
mb-gcc -Wl,-T -Wl,../src/lscript.ld -L../../hack_bsp/microblaze_0/lib -mlittle-endian -mcpu=v9.6 -mxl-soft-mul -Wl,--no-relax -o "hack.elf"  ./src/main2.o   -Wl,--start-group,-lxil,-lgcc,-lc,--end-group
'Finished building target: hack.elf'
' '
'Invoking: MicroBlaze Print Size'
mb-size hack.elf  |tee "hack.elf.size"
   text	   data	    bss	    dec	    hex	filename
  12164	    416	   4468	  17048	   4298	hack.elf
'Finished building: hack.elf.size'
' '
20:48:12 **** Incremental Build of configuration Debug for project hack ****
make all 
make: Nothing to be done for `all'.
20:48:16 **** Incremental Build of configuration Debug for project hack ****
make all 
make: Nothing to be done for `all'.
20:48:27 **** Incremental Build of configuration Debug for project hack ****
make all 
make: Nothing to be done for `all'.
20:48:39 **** Incremental Build of configuration Debug for project hack ****
make all 
'Building file: ../src/main2.c'
'Invoking: MicroBlaze gcc compiler'
mb-gcc -Wall -O0 -g3 -c -fmessage-length=0 -MT"src/main2.o" -I../../hack_bsp/microblaze_0/include -mlittle-endian -mcpu=v9.6 -mxl-soft-mul -Wl,--no-relax -MMD -MP -MF"src/main2.d" -MT"src/main2.o" -o "src/main2.o" "../src/main2.c"
'Finished building: ../src/main2.c'
' '
'Building target: hack.elf'
'Invoking: MicroBlaze gcc linker'
mb-gcc -Wl,-T -Wl,../src/lscript.ld -L../../hack_bsp/microblaze_0/lib -mlittle-endian -mcpu=v9.6 -mxl-soft-mul -Wl,--no-relax -o "hack.elf"  ./src/main2.o   -Wl,--start-group,-lxil,-lgcc,-lc,--end-group
'Finished building target: hack.elf'
' '
'Invoking: MicroBlaze Print Size'
mb-size hack.elf  |tee "hack.elf.size"
   text	   data	    bss	    dec	    hex	filename
  12164	    416	   4468	  17048	   4298	hack.elf
'Finished building: hack.elf.size'
' '
20:48:45 **** Incremental Build of configuration Debug for project hack ****
make all 
make: Nothing to be done for `all'.
20:48:53 **** Auto Build of configuration Debug for project hack ****
make all 
'Building file: ../src/main2.c'
'Invoking: MicroBlaze gcc compiler'
mb-gcc -Wall -O0 -g3 -c -fmessage-length=0 -MT"src/main2.o" -I../../hack_bsp/microblaze_0/include -mlittle-endian -mcpu=v9.6 -mxl-soft-mul -Wl,--no-relax -MMD -MP -MF"src/main2.d" -MT"src/main2.o" -o "src/main2.o" "../src/main2.c"
'Finished building: ../src/main2.c'
' '
'Building target: hack.elf'
'Invoking: MicroBlaze gcc linker'
mb-gcc -Wl,-T -Wl,../src/lscript.ld -L../../hack_bsp/microblaze_0/lib -mlittle-endian -mcpu=v9.6 -mxl-soft-mul -Wl,--no-relax -o "hack.elf"  ./src/main2.o   -Wl,--start-group,-lxil,-lgcc,-lc,--end-group
'Finished building target: hack.elf'
' '
'Invoking: MicroBlaze Print Size'
mb-size hack.elf  |tee "hack.elf.size"
   text	   data	    bss	    dec	    hex	filename
  12164	    416	   4468	  17048	   4298	hack.elf
'Finished building: hack.elf.size'
' '
20:48:55 **** Incremental Build of configuration Debug for project hack ****
make all 
make: Nothing to be done for `all'.
20:51:28 **** Incremental Build of configuration Debug for project hack ****
make all 
make: Nothing to be done for `all'.
20:51:33 **** Incremental Build of configuration Debug for project hack ****
make all 
make: Nothing to be done for `all'.
20:51:44 **** Auto Build of configuration Debug for project hack ****
make all 
'Building file: ../src/main2.c'
'Invoking: MicroBlaze gcc compiler'
mb-gcc -Wall -O0 -g3 -c -fmessage-length=0 -MT"src/main2.o" -I../../hack_bsp/microblaze_0/include -mlittle-endian -mcpu=v9.6 -mxl-soft-mul -Wl,--no-relax -MMD -MP -MF"src/main2.d" -MT"src/main2.o" -o "src/main2.o" "../src/main2.c"
'Finished building: ../src/main2.c'
' '
'Building target: hack.elf'
'Invoking: MicroBlaze gcc linker'
mb-gcc -Wl,-T -Wl,../src/lscript.ld -L../../hack_bsp/microblaze_0/lib -mlittle-endian -mcpu=v9.6 -mxl-soft-mul -Wl,--no-relax -o "hack.elf"  ./src/main2.o   -Wl,--start-group,-lxil,-lgcc,-lc,--end-group
'Finished building target: hack.elf'
' '
'Invoking: MicroBlaze Print Size'
mb-size hack.elf  |tee "hack.elf.size"
   text	   data	    bss	    dec	    hex	filename
  12164	    416	   4468	  17048	   4298	hack.elf
'Finished building: hack.elf.size'
' '
20:51:46 **** Incremental Build of configuration Debug for project hack ****
make all 
make: Nothing to be done for `all'.
20:51:51 **** Incremental Build of configuration Debug for project hack ****
make all 
make: Nothing to be done for `all'.
20:52:00 **** Incremental Build of configuration Debug for project hack ****
make all 
make: Nothing to be done for `all'.
20:52:11 **** Auto Build of configuration Debug for project hack ****
make all 
'Building file: ../src/main2.c'
'Invoking: MicroBlaze gcc compiler'
mb-gcc -Wall -O0 -g3 -c -fmessage-length=0 -MT"src/main2.o" -I../../hack_bsp/microblaze_0/include -mlittle-endian -mcpu=v9.6 -mxl-soft-mul -Wl,--no-relax -MMD -MP -MF"src/main2.d" -MT"src/main2.o" -o "src/main2.o" "../src/main2.c"
'Finished building: ../src/main2.c'
' '
'Building target: hack.elf'
'Invoking: MicroBlaze gcc linker'
mb-gcc -Wl,-T -Wl,../src/lscript.ld -L../../hack_bsp/microblaze_0/lib -mlittle-endian -mcpu=v9.6 -mxl-soft-mul -Wl,--no-relax -o "hack.elf"  ./src/main2.o   -Wl,--start-group,-lxil,-lgcc,-lc,--end-group
'Finished building target: hack.elf'
' '
'Invoking: MicroBlaze Print Size'
mb-size hack.elf  |tee "hack.elf.size"
   text	   data	    bss	    dec	    hex	filename
  12164	    416	   4468	  17048	   4298	hack.elf
'Finished building: hack.elf.size'
' '
20:52:12 **** Incremental Build of configuration Debug for project hack ****
make all 
make: Nothing to be done for `all'.
20:52:25 **** Auto Build of configuration Debug for project hack ****
make all 
'Building file: ../src/main2.c'
'Invoking: MicroBlaze gcc compiler'
mb-gcc -Wall -O0 -g3 -c -fmessage-length=0 -MT"src/main2.o" -I../../hack_bsp/microblaze_0/include -mlittle-endian -mcpu=v9.6 -mxl-soft-mul -Wl,--no-relax -MMD -MP -MF"src/main2.d" -MT"src/main2.o" -o "src/main2.o" "../src/main2.c"
'Finished building: ../src/main2.c'
' '
'Building target: hack.elf'
'Invoking: MicroBlaze gcc linker'
mb-gcc -Wl,-T -Wl,../src/lscript.ld -L../../hack_bsp/microblaze_0/lib -mlittle-endian -mcpu=v9.6 -mxl-soft-mul -Wl,--no-relax -o "hack.elf"  ./src/main2.o   -Wl,--start-group,-lxil,-lgcc,-lc,--end-group
'Finished building target: hack.elf'
' '
'Invoking: MicroBlaze Print Size'
mb-size hack.elf  |tee "hack.elf.size"
   text	   data	    bss	    dec	    hex	filename
  12164	    416	   4468	  17048	   4298	hack.elf
'Finished building: hack.elf.size'
' '
20:52:27 **** Incremental Build of configuration Debug for project hack ****
make all 
make: Nothing to be done for `all'.
20:52:33 **** Incremental Build of configuration Debug for project hack ****
make all 
make: Nothing to be done for `all'.
20:52:47 **** Auto Build of configuration Debug for project hack ****
make all 
'Building file: ../src/main2.c'
'Invoking: MicroBlaze gcc compiler'
mb-gcc -Wall -O0 -g3 -c -fmessage-length=0 -MT"src/main2.o" -I../../hack_bsp/microblaze_0/include -mlittle-endian -mcpu=v9.6 -mxl-soft-mul -Wl,--no-relax -MMD -MP -MF"src/main2.d" -MT"src/main2.o" -o "src/main2.o" "../src/main2.c"
'Finished building: ../src/main2.c'
' '
'Building target: hack.elf'
'Invoking: MicroBlaze gcc linker'
mb-gcc -Wl,-T -Wl,../src/lscript.ld -L../../hack_bsp/microblaze_0/lib -mlittle-endian -mcpu=v9.6 -mxl-soft-mul -Wl,--no-relax -o "hack.elf"  ./src/main2.o   -Wl,--start-group,-lxil,-lgcc,-lc,--end-group
'Finished building target: hack.elf'
' '
'Invoking: MicroBlaze Print Size'
mb-size hack.elf  |tee "hack.elf.size"
   text	   data	    bss	    dec	    hex	filename
  12164	    416	   4468	  17048	   4298	hack.elf
'Finished building: hack.elf.size'
' '
20:52:49 **** Incremental Build of configuration Debug for project hack ****
make all 
make: Nothing to be done for `all'.
20:52:54 **** Incremental Build of configuration Debug for project hack ****
make all 
make: Nothing to be done for `all'.
20:53:15 **** Auto Build of configuration Debug for project hack ****
make all 
'Building file: ../src/main2.c'
'Invoking: MicroBlaze gcc compiler'
mb-gcc -Wall -O0 -g3 -c -fmessage-length=0 -MT"src/main2.o" -I../../hack_bsp/microblaze_0/include -mlittle-endian -mcpu=v9.6 -mxl-soft-mul -Wl,--no-relax -MMD -MP -MF"src/main2.d" -MT"src/main2.o" -o "src/main2.o" "../src/main2.c"
'Finished building: ../src/main2.c'
' '
'Building target: hack.elf'
'Invoking: MicroBlaze gcc linker'
mb-gcc -Wl,-T -Wl,../src/lscript.ld -L../../hack_bsp/microblaze_0/lib -mlittle-endian -mcpu=v9.6 -mxl-soft-mul -Wl,--no-relax -o "hack.elf"  ./src/main2.o   -Wl,--start-group,-lxil,-lgcc,-lc,--end-group
'Finished building target: hack.elf'
' '
'Invoking: MicroBlaze Print Size'
mb-size hack.elf  |tee "hack.elf.size"
   text	   data	    bss	    dec	    hex	filename
  12164	    416	   4468	  17048	   4298	hack.elf
'Finished building: hack.elf.size'
' '
20:53:17 **** Incremental Build of configuration Debug for project hack ****
make all 
make: Nothing to be done for `all'.
20:53:21 **** Incremental Build of configuration Debug for project hack ****
make all 
make: Nothing to be done for `all'.
20:55:32 **** Auto Build of configuration Debug for project hack ****
make all 
'Building file: ../src/main2.c'
'Invoking: MicroBlaze gcc compiler'
mb-gcc -Wall -O0 -g3 -c -fmessage-length=0 -MT"src/main2.o" -I../../hack_bsp/microblaze_0/include -mlittle-endian -mcpu=v9.6 -mxl-soft-mul -Wl,--no-relax -MMD -MP -MF"src/main2.d" -MT"src/main2.o" -o "src/main2.o" "../src/main2.c"
'Finished building: ../src/main2.c'
' '
'Building target: hack.elf'
'Invoking: MicroBlaze gcc linker'
mb-gcc -Wl,-T -Wl,../src/lscript.ld -L../../hack_bsp/microblaze_0/lib -mlittle-endian -mcpu=v9.6 -mxl-soft-mul -Wl,--no-relax -o "hack.elf"  ./src/main2.o   -Wl,--start-group,-lxil,-lgcc,-lc,--end-group
'Finished building target: hack.elf'
' '
'Invoking: MicroBlaze Print Size'
mb-size hack.elf  |tee "hack.elf.size"
   text	   data	    bss	    dec	    hex	filename
  12164	    416	   4468	  17048	   4298	hack.elf
'Finished building: hack.elf.size'
' '
20:55:34 **** Incremental Build of configuration Debug for project hack ****
make all 
make: Nothing to be done for `all'.
20:55:38 **** Incremental Build of configuration Debug for project hack ****
make all 
make: Nothing to be done for `all'.
20:56:21 **** Auto Build of configuration Debug for project hack ****
make all 
'Building file: ../src/main2.c'
'Invoking: MicroBlaze gcc compiler'
mb-gcc -Wall -O0 -g3 -c -fmessage-length=0 -MT"src/main2.o" -I../../hack_bsp/microblaze_0/include -mlittle-endian -mcpu=v9.6 -mxl-soft-mul -Wl,--no-relax -MMD -MP -MF"src/main2.d" -MT"src/main2.o" -o "src/main2.o" "../src/main2.c"
'Finished building: ../src/main2.c'
' '
'Building target: hack.elf'
'Invoking: MicroBlaze gcc linker'
mb-gcc -Wl,-T -Wl,../src/lscript.ld -L../../hack_bsp/microblaze_0/lib -mlittle-endian -mcpu=v9.6 -mxl-soft-mul -Wl,--no-relax -o "hack.elf"  ./src/main2.o   -Wl,--start-group,-lxil,-lgcc,-lc,--end-group
'Finished building target: hack.elf'
' '
'Invoking: MicroBlaze Print Size'
mb-size hack.elf  |tee "hack.elf.size"
   text	   data	    bss	    dec	    hex	filename
  12164	    416	   4468	  17048	   4298	hack.elf
'Finished building: hack.elf.size'
' '
20:56:23 **** Incremental Build of configuration Debug for project hack ****
make all 
make: Nothing to be done for `all'.
20:56:27 **** Incremental Build of configuration Debug for project hack ****
make all 
make: Nothing to be done for `all'.
20:58:03 **** Incremental Build of configuration Debug for project hack ****
make all 
make: Nothing to be done for `all'.
20:58:33 **** Auto Build of configuration Debug for project hack ****
make all 
'Building file: ../src/main2.c'
'Invoking: MicroBlaze gcc compiler'
mb-gcc -Wall -O0 -g3 -c -fmessage-length=0 -MT"src/main2.o" -I../../hack_bsp/microblaze_0/include -mlittle-endian -mcpu=v9.6 -mxl-soft-mul -Wl,--no-relax -MMD -MP -MF"src/main2.d" -MT"src/main2.o" -o "src/main2.o" "../src/main2.c"
'Finished building: ../src/main2.c'
' '
'Building target: hack.elf'
'Invoking: MicroBlaze gcc linker'
mb-gcc -Wl,-T -Wl,../src/lscript.ld -L../../hack_bsp/microblaze_0/lib -mlittle-endian -mcpu=v9.6 -mxl-soft-mul -Wl,--no-relax -o "hack.elf"  ./src/main2.o   -Wl,--start-group,-lxil,-lgcc,-lc,--end-group
'Finished building target: hack.elf'
' '
'Invoking: MicroBlaze Print Size'
mb-size hack.elf  |tee "hack.elf.size"
   text	   data	    bss	    dec	    hex	filename
  12164	    416	   4468	  17048	   4298	hack.elf
'Finished building: hack.elf.size'
' '
20:58:34 **** Incremental Build of configuration Debug for project hack ****
make all 
make: Nothing to be done for `all'.
20:58:39 **** Incremental Build of configuration Debug for project hack ****
make all 
make: Nothing to be done for `all'.
20:58:47 **** Auto Build of configuration Debug for project hack ****
make all 
'Building file: ../src/main2.c'
'Invoking: MicroBlaze gcc compiler'
mb-gcc -Wall -O0 -g3 -c -fmessage-length=0 -MT"src/main2.o" -I../../hack_bsp/microblaze_0/include -mlittle-endian -mcpu=v9.6 -mxl-soft-mul -Wl,--no-relax -MMD -MP -MF"src/main2.d" -MT"src/main2.o" -o "src/main2.o" "../src/main2.c"
'Finished building: ../src/main2.c'
' '
'Building target: hack.elf'
'Invoking: MicroBlaze gcc linker'
mb-gcc -Wl,-T -Wl,../src/lscript.ld -L../../hack_bsp/microblaze_0/lib -mlittle-endian -mcpu=v9.6 -mxl-soft-mul -Wl,--no-relax -o "hack.elf"  ./src/main2.o   -Wl,--start-group,-lxil,-lgcc,-lc,--end-group
'Finished building target: hack.elf'
' '
'Invoking: MicroBlaze Print Size'
mb-size hack.elf  |tee "hack.elf.size"
   text	   data	    bss	    dec	    hex	filename
  12164	    416	   4468	  17048	   4298	hack.elf
'Finished building: hack.elf.size'
' '
20:58:48 **** Incremental Build of configuration Debug for project hack ****
make all 
make: Nothing to be done for `all'.
20:59:04 **** Auto Build of configuration Debug for project hack ****
make all 
'Building file: ../src/main2.c'
'Invoking: MicroBlaze gcc compiler'
mb-gcc -Wall -O0 -g3 -c -fmessage-length=0 -MT"src/main2.o" -I../../hack_bsp/microblaze_0/include -mlittle-endian -mcpu=v9.6 -mxl-soft-mul -Wl,--no-relax -MMD -MP -MF"src/main2.d" -MT"src/main2.o" -o "src/main2.o" "../src/main2.c"
'Finished building: ../src/main2.c'
' '
'Building target: hack.elf'
'Invoking: MicroBlaze gcc linker'
mb-gcc -Wl,-T -Wl,../src/lscript.ld -L../../hack_bsp/microblaze_0/lib -mlittle-endian -mcpu=v9.6 -mxl-soft-mul -Wl,--no-relax -o "hack.elf"  ./src/main2.o   -Wl,--start-group,-lxil,-lgcc,-lc,--end-group
'Finished building target: hack.elf'
' '
'Invoking: MicroBlaze Print Size'
mb-size hack.elf  |tee "hack.elf.size"
   text	   data	    bss	    dec	    hex	filename
  12164	    416	   4468	  17048	   4298	hack.elf
'Finished building: hack.elf.size'
' '
20:59:06 **** Incremental Build of configuration Debug for project hack ****
make all 
make: Nothing to be done for `all'.
20:59:09 **** Incremental Build of configuration Debug for project hack ****
make all 
make: Nothing to be done for `all'.
20:59:15 **** Incremental Build of configuration Debug for project hack ****
make all 
make: Nothing to be done for `all'.
21:07:52 **** Auto Build of configuration Debug for project hack ****
make all 
'Building file: ../src/main2.c'
'Invoking: MicroBlaze gcc compiler'
mb-gcc -Wall -O0 -g3 -c -fmessage-length=0 -MT"src/main2.o" -I../../hack_bsp/microblaze_0/include -mlittle-endian -mcpu=v9.6 -mxl-soft-mul -Wl,--no-relax -MMD -MP -MF"src/main2.d" -MT"src/main2.o" -o "src/main2.o" "../src/main2.c"
'Finished building: ../src/main2.c'
' '
'Building target: hack.elf'
'Invoking: MicroBlaze gcc linker'
mb-gcc -Wl,-T -Wl,../src/lscript.ld -L../../hack_bsp/microblaze_0/lib -mlittle-endian -mcpu=v9.6 -mxl-soft-mul -Wl,--no-relax -o "hack.elf"  ./src/main2.o   -Wl,--start-group,-lxil,-lgcc,-lc,--end-group
'Finished building target: hack.elf'
' '
'Invoking: MicroBlaze Print Size'
mb-size hack.elf  |tee "hack.elf.size"
   text	   data	    bss	    dec	    hex	filename
  12472	    416	   4472	  17360	   43d0	hack.elf
'Finished building: hack.elf.size'
' '
21:09:08 **** Auto Build of configuration Debug for project hack ****
make all 
'Building file: ../src/main2.c'
'Invoking: MicroBlaze gcc compiler'
mb-gcc -Wall -O0 -g3 -c -fmessage-length=0 -MT"src/main2.o" -I../../hack_bsp/microblaze_0/include -mlittle-endian -mcpu=v9.6 -mxl-soft-mul -Wl,--no-relax -MMD -MP -MF"src/main2.d" -MT"src/main2.o" -o "src/main2.o" "../src/main2.c"
'Finished building: ../src/main2.c'
' '
'Building target: hack.elf'
'Invoking: MicroBlaze gcc linker'
mb-gcc -Wl,-T -Wl,../src/lscript.ld -L../../hack_bsp/microblaze_0/lib -mlittle-endian -mcpu=v9.6 -mxl-soft-mul -Wl,--no-relax -o "hack.elf"  ./src/main2.o   -Wl,--start-group,-lxil,-lgcc,-lc,--end-group
'Finished building target: hack.elf'
' '
'Invoking: MicroBlaze Print Size'
mb-size hack.elf  |tee "hack.elf.size"
   text	   data	    bss	    dec	    hex	filename
  12704	    416	   4472	  17592	   44b8	hack.elf
'Finished building: hack.elf.size'
' '
21:09:10 **** Incremental Build of configuration Debug for project hack ****
make all 
make: Nothing to be done for `all'.
21:09:36 **** Auto Build of configuration Debug for project hack ****
make all 
'Building file: ../src/main2.c'
'Invoking: MicroBlaze gcc compiler'
mb-gcc -Wall -O0 -g3 -c -fmessage-length=0 -MT"src/main2.o" -I../../hack_bsp/microblaze_0/include -mlittle-endian -mcpu=v9.6 -mxl-soft-mul -Wl,--no-relax -MMD -MP -MF"src/main2.d" -MT"src/main2.o" -o "src/main2.o" "../src/main2.c"
../src/main2.c: In function 'trackTargets':
../src/main2.c:54:19: error: expected expression before '=' token
 #define threshold = 4;
                   ^
../src/main2.c:72:58: note: in expansion of macro 'threshold'
    if ((xcoord == i) && (ycoord == j) && (currLargest >= threshold)) {
                                                          ^
make: *** [src/main2.o] Error 1
21:09:37 **** Incremental Build of configuration Debug for project hack ****
make all 
'Building file: ../src/main2.c'
'Invoking: MicroBlaze gcc compiler'
mb-gcc -Wall -O0 -g3 -c -fmessage-length=0 -MT"src/main2.o" -I../../hack_bsp/microblaze_0/include -mlittle-endian -mcpu=v9.6 -mxl-soft-mul -Wl,--no-relax -MMD -MP -MF"src/main2.d" -MT"src/main2.o" -o "src/main2.o" "../src/main2.c"
../src/main2.c: In function 'trackTargets':
../src/main2.c:54:19: error: expected expression before '=' token
 #define threshold = 4;
                   ^
../src/main2.c:72:58: note: in expansion of macro 'threshold'
    if ((xcoord == i) && (ycoord == j) && (currLargest >= threshold)) {
                                                          ^
make: *** [src/main2.o] Error 1
21:10:28 **** Auto Build of configuration Debug for project hack ****
make all 
'Building file: ../src/main2.c'
'Invoking: MicroBlaze gcc compiler'
mb-gcc -Wall -O0 -g3 -c -fmessage-length=0 -MT"src/main2.o" -I../../hack_bsp/microblaze_0/include -mlittle-endian -mcpu=v9.6 -mxl-soft-mul -Wl,--no-relax -MMD -MP -MF"src/main2.d" -MT"src/main2.o" -o "src/main2.o" "../src/main2.c"
../src/main2.c: In function 'trackTargets':
../src/main2.c:65:10: error: 'tcoord' undeclared (first use in this function)
          tcoord = currLargest < pixels[i][j] ? j : ycoord;
          ^
../src/main2.c:65:10: note: each undeclared identifier is reported only once for each function it appears in
../src/main2.c:54:19: error: expected expression before '=' token
 #define threshold = 4;
                   ^
../src/main2.c:72:58: note: in expansion of macro 'threshold'
    if ((xcoord == i) && (ycoord == j) && (currLargest >= threshold)) {
                                                          ^
make: *** [src/main2.o] Error 1
21:10:30 **** Incremental Build of configuration Debug for project hack ****
make all 
'Building file: ../src/main2.c'
'Invoking: MicroBlaze gcc compiler'
mb-gcc -Wall -O0 -g3 -c -fmessage-length=0 -MT"src/main2.o" -I../../hack_bsp/microblaze_0/include -mlittle-endian -mcpu=v9.6 -mxl-soft-mul -Wl,--no-relax -MMD -MP -MF"src/main2.d" -MT"src/main2.o" -o "src/main2.o" "../src/main2.c"
../src/main2.c: In function 'trackTargets':
../src/main2.c:65:10: error: 'tcoord' undeclared (first use in this function)
          tcoord = currLargest < pixels[i][j] ? j : ycoord;
          ^
../src/main2.c:65:10: note: each undeclared identifier is reported only once for each function it appears in
../src/main2.c:54:19: error: expected expression before '=' token
 #define threshold = 4;
                   ^
../src/main2.c:72:58: note: in expansion of macro 'threshold'
    if ((xcoord == i) && (ycoord == j) && (currLargest >= threshold)) {
                                                          ^
make: *** [src/main2.o] Error 1
21:10:35 **** Auto Build of configuration Debug for project hack ****
make all 
'Building file: ../src/main2.c'
'Invoking: MicroBlaze gcc compiler'
mb-gcc -Wall -O0 -g3 -c -fmessage-length=0 -MT"src/main2.o" -I../../hack_bsp/microblaze_0/include -mlittle-endian -mcpu=v9.6 -mxl-soft-mul -Wl,--no-relax -MMD -MP -MF"src/main2.d" -MT"src/main2.o" -o "src/main2.o" "../src/main2.c"
../src/main2.c: In function 'trackTargets':
../src/main2.c:54:19: error: expected expression before '=' token
 #define threshold = 4;
                   ^
../src/main2.c:72:58: note: in expansion of macro 'threshold'
    if ((xcoord == i) && (ycoord == j) && (currLargest >= threshold)) {
                                                          ^
make: *** [src/main2.o] Error 1
21:10:36 **** Incremental Build of configuration Debug for project hack ****
make all 
'Building file: ../src/main2.c'
'Invoking: MicroBlaze gcc compiler'
mb-gcc -Wall -O0 -g3 -c -fmessage-length=0 -MT"src/main2.o" -I../../hack_bsp/microblaze_0/include -mlittle-endian -mcpu=v9.6 -mxl-soft-mul -Wl,--no-relax -MMD -MP -MF"src/main2.d" -MT"src/main2.o" -o "src/main2.o" "../src/main2.c"
../src/main2.c: In function 'trackTargets':
../src/main2.c:54:19: error: expected expression before '=' token
 #define threshold = 4;
                   ^
../src/main2.c:72:58: note: in expansion of macro 'threshold'
    if ((xcoord == i) && (ycoord == j) && (currLargest >= threshold)) {
                                                          ^
make: *** [src/main2.o] Error 1
21:11:15 **** Incremental Build of configuration Debug for project hack ****
make all 
'Building file: ../src/main2.c'
'Invoking: MicroBlaze gcc compiler'
mb-gcc -Wall -O0 -g3 -c -fmessage-length=0 -MT"src/main2.o" -I../../hack_bsp/microblaze_0/include -mlittle-endian -mcpu=v9.6 -mxl-soft-mul -Wl,--no-relax -MMD -MP -MF"src/main2.d" -MT"src/main2.o" -o "src/main2.o" "../src/main2.c"
../src/main2.c: In function 'trackTargets':
../src/main2.c:54:19: error: expected expression before '=' token
 #define threshold = 4;
                   ^
../src/main2.c:72:58: note: in expansion of macro 'threshold'
    if ((xcoord == i) && (ycoord == j) && (currLargest >= threshold)) {
                                                          ^
make: *** [src/main2.o] Error 1
21:11:38 **** Auto Build of configuration Debug for project hack ****
make all 
'Building file: ../src/main2.c'
'Invoking: MicroBlaze gcc compiler'
mb-gcc -Wall -O0 -g3 -c -fmessage-length=0 -MT"src/main2.o" -I../../hack_bsp/microblaze_0/include -mlittle-endian -mcpu=v9.6 -mxl-soft-mul -Wl,--no-relax -MMD -MP -MF"src/main2.d" -MT"src/main2.o" -o "src/main2.o" "../src/main2.c"
'Finished building: ../src/main2.c'
' '
'Building target: hack.elf'
'Invoking: MicroBlaze gcc linker'
mb-gcc -Wl,-T -Wl,../src/lscript.ld -L../../hack_bsp/microblaze_0/lib -mlittle-endian -mcpu=v9.6 -mxl-soft-mul -Wl,--no-relax -o "hack.elf"  ./src/main2.o   -Wl,--start-group,-lxil,-lgcc,-lc,--end-group
'Finished building target: hack.elf'
' '
'Invoking: MicroBlaze Print Size'
mb-size hack.elf  |tee "hack.elf.size"
   text	   data	    bss	    dec	    hex	filename
  12728	    420	   4476	  17624	   44d8	hack.elf
'Finished building: hack.elf.size'
' '
21:11:39 **** Incremental Build of configuration Debug for project hack ****
make all 
make: Nothing to be done for `all'.
21:12:13 **** Auto Build of configuration Debug for project hack ****
make all 
'Building file: ../src/main2.c'
'Invoking: MicroBlaze gcc compiler'
mb-gcc -Wall -O0 -g3 -c -fmessage-length=0 -MT"src/main2.o" -I../../hack_bsp/microblaze_0/include -mlittle-endian -mcpu=v9.6 -mxl-soft-mul -Wl,--no-relax -MMD -MP -MF"src/main2.d" -MT"src/main2.o" -o "src/main2.o" "../src/main2.c"
'Finished building: ../src/main2.c'
' '
'Building target: hack.elf'
'Invoking: MicroBlaze gcc linker'
mb-gcc -Wl,-T -Wl,../src/lscript.ld -L../../hack_bsp/microblaze_0/lib -mlittle-endian -mcpu=v9.6 -mxl-soft-mul -Wl,--no-relax -o "hack.elf"  ./src/main2.o   -Wl,--start-group,-lxil,-lgcc,-lc,--end-group
'Finished building target: hack.elf'
' '
'Invoking: MicroBlaze Print Size'
mb-size hack.elf  |tee "hack.elf.size"
   text	   data	    bss	    dec	    hex	filename
  12736	    420	   4476	  17632	   44e0	hack.elf
'Finished building: hack.elf.size'
' '
21:12:15 **** Incremental Build of configuration Debug for project hack ****
make all 
make: Nothing to be done for `all'.
21:13:37 **** Auto Build of configuration Debug for project hack ****
make all 
'Building file: ../src/main2.c'
'Invoking: MicroBlaze gcc compiler'
mb-gcc -Wall -O0 -g3 -c -fmessage-length=0 -MT"src/main2.o" -I../../hack_bsp/microblaze_0/include -mlittle-endian -mcpu=v9.6 -mxl-soft-mul -Wl,--no-relax -MMD -MP -MF"src/main2.d" -MT"src/main2.o" -o "src/main2.o" "../src/main2.c"
../src/main2.c:82:1: error: expected identifier or '(' before '}' token
 }
 ^
make: *** [src/main2.o] Error 1
21:13:38 **** Incremental Build of configuration Debug for project hack ****
make all 
'Building file: ../src/main2.c'
'Invoking: MicroBlaze gcc compiler'
[...]
' '
'Building target: spotter.elf'
'Invoking: MicroBlaze gcc linker'
mb-gcc -Wl,-T -Wl,../src/lscript.ld -L../../spotter_bsp/microblaze_0/lib -mlittle-endian -mcpu=v9.6 -mxl-soft-mul -Wl,--no-relax -o "spotter.elf"  ./src/main.o   -Wl,--start-group,-lxil,-lgcc,-lc,--end-group
'Finished building target: spotter.elf'
' '
'Invoking: MicroBlaze Print Size'
mb-size spotter.elf  |tee "spotter.elf.size"
   text	   data	    bss	    dec	    hex	filename
  28088	    480	   6872	  35440	   8a70	spotter.elf
'Finished building: spotter.elf.size'
' '
13:03:00 **** Incremental Build of configuration Debug for project spotter ****
make all 
make: Nothing to be done for `all'.
13:20:29 **** Auto Build of configuration Debug for project spotter ****
make all 
'Building file: ../src/main.c'
'Invoking: MicroBlaze gcc compiler'
mb-gcc -Wall -O0 -g3 -c -fmessage-length=0 -MT"src/main.o" -I../../spotter_bsp/microblaze_0/include -mlittle-endian -mcpu=v9.6 -mxl-soft-mul -Wl,--no-relax -MMD -MP -MF"src/main.d" -MT"src/main.o" -o "src/main.o" "../src/main.c"
../src/main.c: In function 'calibrate':
../src/main.c:215:22: warning: suggest parentheses around comparison in operand of '&' [-Wparentheses]
   if (*axi_gpio_btnd & 0x1 == 1){
                      ^
../src/main.c:218:22: warning: suggest parentheses around comparison in operand of '&' [-Wparentheses]
   if (*axi_gpio_btnu & 0x1 == 1){
                      ^
../src/main.c:221:22: warning: suggest parentheses around comparison in operand of '&' [-Wparentheses]
   if (*axi_gpio_btnl & 0x1 == 1){
                      ^
../src/main.c:224:22: warning: suggest parentheses around comparison in operand of '&' [-Wparentheses]
   if (*axi_gpio_btnr & 0x1 == 1){
                      ^
../src/main.c:227:22: warning: suggest parentheses around comparison in operand of '&' [-Wparentheses]
   if (*axi_gpio_btnc & 0x1 == 1) {
                      ^
../src/main.c: In function 'main':
../src/main.c:333:24: warning: suggest parentheses around comparison in operand of '&' [-Wparentheses]
     if (*axi_gpio_btnc & 0x1 == 1)
                        ^
../src/main.c:342:8: warning: unused variable 'y_coord' [-Wunused-variable]
  float y_coord = (float)ycoord / 15.0 * motor_res;
        ^
../src/main.c:341:8: warning: unused variable 'x_coord' [-Wunused-variable]
  float x_coord = (float)xcoord / 20.0 * motor_res;
        ^
'Finished building: ../src/main.c'
' '
'Building target: spotter.elf'
'Invoking: MicroBlaze gcc linker'
mb-gcc -Wl,-T -Wl,../src/lscript.ld -L../../spotter_bsp/microblaze_0/lib -mlittle-endian -mcpu=v9.6 -mxl-soft-mul -Wl,--no-relax -o "spotter.elf"  ./src/main.o   -Wl,--start-group,-lxil,-lgcc,-lc,--end-group
'Finished building target: spotter.elf'
' '
'Invoking: MicroBlaze Print Size'
mb-size spotter.elf  |tee "spotter.elf.size"
   text	   data	    bss	    dec	    hex	filename
  28088	    480	   6872	  35440	   8a70	spotter.elf
'Finished building: spotter.elf.size'
' '
13:20:31 **** Incremental Build of configuration Debug for project spotter ****
make all 
make: Nothing to be done for `all'.
13:37:26 **** Incremental Build of configuration Debug for project spotter ****
make all 
make: Nothing to be done for `all'.
13:37:40 **** Auto Build of configuration Debug for project spotter ****
make all 
'Building file: ../src/main.c'
'Invoking: MicroBlaze gcc compiler'
mb-gcc -Wall -O0 -g3 -c -fmessage-length=0 -MT"src/main.o" -I../../spotter_bsp/microblaze_0/include -mlittle-endian -mcpu=v9.6 -mxl-soft-mul -Wl,--no-relax -MMD -MP -MF"src/main.d" -MT"src/main.o" -o "src/main.o" "../src/main.c"
../src/main.c: In function 'calibrate':
../src/main.c:215:22: warning: suggest parentheses around comparison in operand of '&' [-Wparentheses]
   if (*axi_gpio_btnd & 0x1 == 1){
                      ^
../src/main.c:218:22: warning: suggest parentheses around comparison in operand of '&' [-Wparentheses]
   if (*axi_gpio_btnu & 0x1 == 1){
                      ^
../src/main.c:221:22: warning: suggest parentheses around comparison in operand of '&' [-Wparentheses]
   if (*axi_gpio_btnl & 0x1 == 1){
                      ^
../src/main.c:224:22: warning: suggest parentheses around comparison in operand of '&' [-Wparentheses]
   if (*axi_gpio_btnr & 0x1 == 1){
                      ^
../src/main.c:227:22: warning: suggest parentheses around comparison in operand of '&' [-Wparentheses]
   if (*axi_gpio_btnc & 0x1 == 1) {
                      ^
../src/main.c: In function 'main':
../src/main.c:333:24: warning: suggest parentheses around comparison in operand of '&' [-Wparentheses]
     if (*axi_gpio_btnc & 0x1 == 1)
                        ^
../src/main.c:342:8: warning: unused variable 'y_coord' [-Wunused-variable]
  float y_coord = (float)ycoord / 15.0 * motor_res;
        ^
../src/main.c:341:8: warning: unused variable 'x_coord' [-Wunused-variable]
  float x_coord = (float)xcoord / 20.0 * motor_res;
        ^
'Finished building: ../src/main.c'
' '
'Building target: spotter.elf'
'Invoking: MicroBlaze gcc linker'
mb-gcc -Wl,-T -Wl,../src/lscript.ld -L../../spotter_bsp/microblaze_0/lib -mlittle-endian -mcpu=v9.6 -mxl-soft-mul -Wl,--no-relax -o "spotter.elf"  ./src/main.o   -Wl,--start-group,-lxil,-lgcc,-lc,--end-group
'Finished building target: spotter.elf'
' '
'Invoking: MicroBlaze Print Size'
mb-size spotter.elf  |tee "spotter.elf.size"
   text	   data	    bss	    dec	    hex	filename
  28088	    480	   6872	  35440	   8a70	spotter.elf
'Finished building: spotter.elf.size'
' '
13:37:41 **** Incremental Build of configuration Debug for project spotter ****
make all 
make: Nothing to be done for `all'.
17:15:20 **** Auto Build of configuration Debug for project spotter ****
make all 
'Building file: ../src/main.c'
'Invoking: MicroBlaze gcc compiler'
mb-gcc -Wall -O0 -g3 -c -fmessage-length=0 -MT"src/main.o" -I../../spotter_bsp/microblaze_0/include -mlittle-endian -mcpu=v9.6 -mxl-soft-mul -Wl,--no-relax -MMD -MP -MF"src/main.d" -MT"src/main.o" -o "src/main.o" "../src/main.c"
../src/main.c: In function 'calibrate':
../src/main.c:215:22: warning: suggest parentheses around comparison in operand of '&' [-Wparentheses]
   if (*axi_gpio_btnd & 0x1 == 1){
                      ^
../src/main.c:218:22: warning: suggest parentheses around comparison in operand of '&' [-Wparentheses]
   if (*axi_gpio_btnu & 0x1 == 1){
                      ^
../src/main.c:221:22: warning: suggest parentheses around comparison in operand of '&' [-Wparentheses]
   if (*axi_gpio_btnl & 0x1 == 1){
                      ^
../src/main.c:224:22: warning: suggest parentheses around comparison in operand of '&' [-Wparentheses]
   if (*axi_gpio_btnr & 0x1 == 1){
                      ^
../src/main.c:227:22: warning: suggest parentheses around comparison in operand of '&' [-Wparentheses]
   if (*axi_gpio_btnc & 0x1 == 1) {
                      ^
../src/main.c: In function 'main':
../src/main.c:333:24: warning: suggest parentheses around comparison in operand of '&' [-Wparentheses]
     if (*axi_gpio_btnc & 0x1 == 1)
                        ^
../src/main.c:344:2: error: expected ';' before 'setup_sec'
  setup_sec(period0, 150000)
  ^
../src/main.c:342:8: warning: unused variable 'y_coord' [-Wunused-variable]
  float y_coord = (float)ycoord / 15.0 * motor_res;
        ^
../src/main.c:341:8: warning: unused variable 'x_coord' [-Wunused-variable]
  float x_coord = (float)xcoord / 20.0 * motor_res;
        ^
make: *** [src/main.o] Error 1
17:15:23 **** Auto Build of configuration Debug for project spotter ****
make all 
'Building file: ../src/main.c'
'Invoking: MicroBlaze gcc compiler'
mb-gcc -Wall -O0 -g3 -c -fmessage-length=0 -MT"src/main.o" -I../../spotter_bsp/microblaze_0/include -mlittle-endian -mcpu=v9.6 -mxl-soft-mul -Wl,--no-relax -MMD -MP -MF"src/main.d" -MT"src/main.o" -o "src/main.o" "../src/main.c"
../src/main.c: In function 'calibrate':
../src/main.c:215:22: warning: suggest parentheses around comparison in operand of '&' [-Wparentheses]
   if (*axi_gpio_btnd & 0x1 == 1){
                      ^
../src/main.c:218:22: warning: suggest parentheses around comparison in operand of '&' [-Wparentheses]
   if (*axi_gpio_btnu & 0x1 == 1){
                      ^
../src/main.c:221:22: warning: suggest parentheses around comparison in operand of '&' [-Wparentheses]
   if (*axi_gpio_btnl & 0x1 == 1){
                      ^
../src/main.c:224:22: warning: suggest parentheses around comparison in operand of '&' [-Wparentheses]
   if (*axi_gpio_btnr & 0x1 == 1){
                      ^
../src/main.c:227:22: warning: suggest parentheses around comparison in operand of '&' [-Wparentheses]
   if (*axi_gpio_btnc & 0x1 == 1) {
                      ^
../src/main.c: In function 'main':
../src/main.c:333:24: warning: suggest parentheses around comparison in operand of '&' [-Wparentheses]
     if (*axi_gpio_btnc & 0x1 == 1)
                        ^
../src/main.c:342:8: warning: unused variable 'y_coord' [-Wunused-variable]
  float y_coord = (float)ycoord / 15.0 * motor_res;
        ^
../src/main.c:341:8: warning: unused variable 'x_coord' [-Wunused-variable]
  float x_coord = (float)xcoord / 20.0 * motor_res;
        ^
'Finished building: ../src/main.c'
' '
'Building target: spotter.elf'
'Invoking: MicroBlaze gcc linker'
mb-gcc -Wl,-T -Wl,../src/lscript.ld -L../../spotter_bsp/microblaze_0/lib -mlittle-endian -mcpu=v9.6 -mxl-soft-mul -Wl,--no-relax -o "spotter.elf"  ./src/main.o   -Wl,--start-group,-lxil,-lgcc,-lc,--end-group
'Finished building target: spotter.elf'
' '
'Invoking: MicroBlaze Print Size'
mb-size spotter.elf  |tee "spotter.elf.size"
   text	   data	    bss	    dec	    hex	filename
  24988	    480	   6876	  32344	   7e58	spotter.elf
'Finished building: spotter.elf.size'
' '
17:15:26 **** Incremental Build of configuration Debug for project spotter ****
make all 
make: Nothing to be done for `all'.
17:15:59 **** Auto Build of configuration Debug for project spotter ****
make all 
'Building file: ../src/main.c'
'Invoking: MicroBlaze gcc compiler'
mb-gcc -Wall -O0 -g3 -c -fmessage-length=0 -MT"src/main.o" -I../../spotter_bsp/microblaze_0/include -mlittle-endian -mcpu=v9.6 -mxl-soft-mul -Wl,--no-relax -MMD -MP -MF"src/main.d" -MT"src/main.o" -o "src/main.o" "../src/main.c"
../src/main.c: In function 'calibrate':
../src/main.c:215:22: warning: suggest parentheses around comparison in operand of '&' [-Wparentheses]
   if (*axi_gpio_btnd & 0x1 == 1){
                      ^
../src/main.c:218:22: warning: suggest parentheses around comparison in operand of '&' [-Wparentheses]
   if (*axi_gpio_btnu & 0x1 == 1){
                      ^
../src/main.c:221:22: warning: suggest parentheses around comparison in operand of '&' [-Wparentheses]
   if (*axi_gpio_btnl & 0x1 == 1){
                      ^
../src/main.c:224:22: warning: suggest parentheses around comparison in operand of '&' [-Wparentheses]
   if (*axi_gpio_btnr & 0x1 == 1){
                      ^
../src/main.c:227:22: warning: suggest parentheses around comparison in operand of '&' [-Wparentheses]
   if (*axi_gpio_btnc & 0x1 == 1) {
                      ^
../src/main.c: In function 'main':
../src/main.c:333:24: warning: suggest parentheses around comparison in operand of '&' [-Wparentheses]
     if (*axi_gpio_btnc & 0x1 == 1)
                        ^
../src/main.c:342:8: warning: unused variable 'y_coord' [-Wunused-variable]
  float y_coord = (float)ycoord / 15.0 * motor_res;
        ^
../src/main.c:341:8: warning: unused variable 'x_coord' [-Wunused-variable]
  float x_coord = (float)xcoord / 20.0 * motor_res;
        ^
'Finished building: ../src/main.c'
' '
'Building target: spotter.elf'
'Invoking: MicroBlaze gcc linker'
mb-gcc -Wl,-T -Wl,../src/lscript.ld -L../../spotter_bsp/microblaze_0/lib -mlittle-endian -mcpu=v9.6 -mxl-soft-mul -Wl,--no-relax -o "spotter.elf"  ./src/main.o   -Wl,--start-group,-lxil,-lgcc,-lc,--end-group
'Finished building target: spotter.elf'
' '
'Invoking: MicroBlaze Print Size'
mb-size spotter.elf  |tee "spotter.elf.size"
   text	   data	    bss	    dec	    hex	filename
  28088	    480	   6872	  35440	   8a70	spotter.elf
'Finished building: spotter.elf.size'
' '
17:16:02 **** Incremental Build of configuration Debug for project spotter ****
make all 
make: Nothing to be done for `all'.
17:31:50 **** Auto Build of configuration Debug for project spotter ****
make all 
'Building file: ../src/main.c'
'Invoking: MicroBlaze gcc compiler'
mb-gcc -Wall -O0 -g3 -c -fmessage-length=0 -MT"src/main.o" -I../../spotter_bsp/microblaze_0/include -mlittle-endian -mcpu=v9.6 -mxl-soft-mul -Wl,--no-relax -MMD -MP -MF"src/main.d" -MT"src/main.o" -o "src/main.o" "../src/main.c"
../src/main.c: In function 'calibrate':
../src/main.c:215:22: warning: suggest parentheses around comparison in operand of '&' [-Wparentheses]
   if (*axi_gpio_btnd & 0x1 == 1){
                      ^
../src/main.c:218:22: warning: suggest parentheses around comparison in operand of '&' [-Wparentheses]
   if (*axi_gpio_btnu & 0x1 == 1){
                      ^
../src/main.c:221:22: warning: suggest parentheses around comparison in operand of '&' [-Wparentheses]
   if (*axi_gpio_btnl & 0x1 == 1){
                      ^
../src/main.c:224:22: warning: suggest parentheses around comparison in operand of '&' [-Wparentheses]
   if (*axi_gpio_btnr & 0x1 == 1){
                      ^
../src/main.c:227:22: warning: suggest parentheses around comparison in operand of '&' [-Wparentheses]
   if (*axi_gpio_btnc & 0x1 == 1) {
                      ^
../src/main.c: In function 'main':
../src/main.c:333:24: warning: suggest parentheses around comparison in operand of '&' [-Wparentheses]
     if (*axi_gpio_btnc & 0x1 == 1)
                        ^
../src/main.c:342:8: warning: unused variable 'y_coord' [-Wunused-variable]
  float y_coord = (float)ycoord / 15.0 * motor_res;
        ^
../src/main.c:341:8: warning: unused variable 'x_coord' [-Wunused-variable]
  float x_coord = (float)xcoord / 20.0 * motor_res;
        ^
'Finished building: ../src/main.c'
' '
'Building target: spotter.elf'
'Invoking: MicroBlaze gcc linker'
mb-gcc -Wl,-T -Wl,../src/lscript.ld -L../../spotter_bsp/microblaze_0/lib -mlittle-endian -mcpu=v9.6 -mxl-soft-mul -Wl,--no-relax -o "spotter.elf"  ./src/main.o   -Wl,--start-group,-lxil,-lgcc,-lc,--end-group
'Finished building target: spotter.elf'
' '
'Invoking: MicroBlaze Print Size'
mb-size spotter.elf  |tee "spotter.elf.size"
   text	   data	    bss	    dec	    hex	filename
  24988	    480	   6876	  32344	   7e58	spotter.elf
'Finished building: spotter.elf.size'
' '
17:31:52 **** Incremental Build of configuration Debug for project spotter ****
make all 
make: Nothing to be done for `all'.
17:32:16 **** Auto Build of configuration Debug for project spotter ****
make all 
'Building file: ../src/main.c'
'Invoking: MicroBlaze gcc compiler'
mb-gcc -Wall -O0 -g3 -c -fmessage-length=0 -MT"src/main.o" -I../../spotter_bsp/microblaze_0/include -mlittle-endian -mcpu=v9.6 -mxl-soft-mul -Wl,--no-relax -MMD -MP -MF"src/main.d" -MT"src/main.o" -o "src/main.o" "../src/main.c"
../src/main.c: In function 'calibrate':
../src/main.c:215:22: warning: suggest parentheses around comparison in operand of '&' [-Wparentheses]
   if (*axi_gpio_btnd & 0x1 == 1){
                      ^
../src/main.c:218:22: warning: suggest parentheses around comparison in operand of '&' [-Wparentheses]
   if (*axi_gpio_btnu & 0x1 == 1){
                      ^
../src/main.c:221:22: warning: suggest parentheses around comparison in operand of '&' [-Wparentheses]
   if (*axi_gpio_btnl & 0x1 == 1){
                      ^
../src/main.c:224:22: warning: suggest parentheses around comparison in operand of '&' [-Wparentheses]
   if (*axi_gpio_btnr & 0x1 == 1){
                      ^
../src/main.c:227:22: warning: suggest parentheses around comparison in operand of '&' [-Wparentheses]
   if (*axi_gpio_btnc & 0x1 == 1) {
                      ^
../src/main.c: In function 'main':
../src/main.c:333:24: warning: suggest parentheses around comparison in operand of '&' [-Wparentheses]
     if (*axi_gpio_btnc & 0x1 == 1)
                        ^
../src/main.c:342:8: warning: unused variable 'y_coord' [-Wunused-variable]
  float y_coord = (float)ycoord / 15.0 * motor_res;
        ^
../src/main.c:341:8: warning: unused variable 'x_coord' [-Wunused-variable]
  float x_coord = (float)xcoord / 20.0 * motor_res;
        ^
'Finished building: ../src/main.c'
' '
'Building target: spotter.elf'
'Invoking: MicroBlaze gcc linker'
mb-gcc -Wl,-T -Wl,../src/lscript.ld -L../../spotter_bsp/microblaze_0/lib -mlittle-endian -mcpu=v9.6 -mxl-soft-mul -Wl,--no-relax -o "spotter.elf"  ./src/main.o   -Wl,--start-group,-lxil,-lgcc,-lc,--end-group
'Finished building target: spotter.elf'
' '
'Invoking: MicroBlaze Print Size'
mb-size spotter.elf  |tee "spotter.elf.size"
   text	   data	    bss	    dec	    hex	filename
  24988	    480	   6876	  32344	   7e58	spotter.elf
'Finished building: spotter.elf.size'
' '
17:32:17 **** Incremental Build of configuration Debug for project spotter ****
make all 
make: Nothing to be done for `all'.
17:33:31 **** Auto Build of configuration Debug for project spotter ****
make all 
'Building file: ../src/main.c'
'Invoking: MicroBlaze gcc compiler'
mb-gcc -Wall -O0 -g3 -c -fmessage-length=0 -MT"src/main.o" -I../../spotter_bsp/microblaze_0/include -mlittle-endian -mcpu=v9.6 -mxl-soft-mul -Wl,--no-relax -MMD -MP -MF"src/main.d" -MT"src/main.o" -o "src/main.o" "../src/main.c"
../src/main.c: In function 'calibrate':
../src/main.c:215:22: warning: suggest parentheses around comparison in operand of '&' [-Wparentheses]
   if (*axi_gpio_btnd & 0x1 == 1){
                      ^
../src/main.c:218:22: warning: suggest parentheses around comparison in operand of '&' [-Wparentheses]
   if (*axi_gpio_btnu & 0x1 == 1){
                      ^
../src/main.c:221:22: warning: suggest parentheses around comparison in operand of '&' [-Wparentheses]
   if (*axi_gpio_btnl & 0x1 == 1){
                      ^
../src/main.c:224:22: warning: suggest parentheses around comparison in operand of '&' [-Wparentheses]
   if (*axi_gpio_btnr & 0x1 == 1){
                      ^
../src/main.c:227:22: warning: suggest parentheses around comparison in operand of '&' [-Wparentheses]
   if (*axi_gpio_btnc & 0x1 == 1) {
                      ^
../src/main.c: In function 'main':
../src/main.c:333:24: warning: suggest parentheses around comparison in operand of '&' [-Wparentheses]
     if (*axi_gpio_btnc & 0x1 == 1)
                        ^
../src/main.c:342:8: warning: unused variable 'y_coord' [-Wunused-variable]
  float y_coord = (float)ycoord / 15.0 * motor_res;
        ^
../src/main.c:341:8: warning: unused variable 'x_coord' [-Wunused-variable]
  float x_coord = (float)xcoord / 20.0 * motor_res;
        ^
'Finished building: ../src/main.c'
' '
'Building target: spotter.elf'
'Invoking: MicroBlaze gcc linker'
mb-gcc -Wl,-T -Wl,../src/lscript.ld -L../../spotter_bsp/microblaze_0/lib -mlittle-endian -mcpu=v9.6 -mxl-soft-mul -Wl,--no-relax -o "spotter.elf"  ./src/main.o   -Wl,--start-group,-lxil,-lgcc,-lc,--end-group
'Finished building target: spotter.elf'
' '
'Invoking: MicroBlaze Print Size'
mb-size spotter.elf  |tee "spotter.elf.size"
   text	   data	    bss	    dec	    hex	filename
  28088	    480	   6872	  35440	   8a70	spotter.elf
'Finished building: spotter.elf.size'
' '
17:33:33 **** Incremental Build of configuration Debug for project spotter ****
make all 
make: Nothing to be done for `all'.
17:34:30 **** Incremental Build of configuration Debug for project spotter ****
make all 
make: Nothing to be done for `all'.
17:34:41 **** Incremental Build of configuration Debug for project spotter ****
make all 
make: Nothing to be done for `all'.
13:40:08 **** Incremental Build of configuration Debug for project spotter ****
make all 
make: Nothing to be done for `all'.
13:40:59 **** Incremental Build of configuration Debug for project spotter ****
make all 
make: Nothing to be done for `all'.
